#
# A fatal error has been detected by the Java Runtime Environment:
#
#  Internal Error (ciMethodData.cpp:333), pid=16784, tid=18660
#  Error: ShouldNotReachHere()
#
# JRE version: OpenJDK Runtime Environment (21.0.10) (build 21.0.10+-14961533-b1163.108)
# Java VM: OpenJDK 64-Bit Server VM (21.0.10+-14961533-b1163.108, mixed mode, tiered, compressed oops, compressed class ptrs, g1 gc, windows-amd64)
# No core dump will be written. Minidumps are not enabled by default on client versions of Windows
#
# If you would like to submit a bug report, please visit:
#   https://youtrack.jetbrains.com/issues/JBR
#

---------------  S U M M A R Y ------------

Command Line: --add-opens=java.base/java.lang=ALL-UNNAMED --add-opens=java.base/java.lang.invoke=ALL-UNNAMED --add-opens=java.base/java.util=ALL-UNNAMED --add-opens=java.prefs/java.util.prefs=ALL-UNNAMED --add-exports=jdk.compiler/com.sun.tools.javac.api=ALL-UNNAMED --add-exports=jdk.compiler/com.sun.tools.javac.util=ALL-UNNAMED --add-opens=java.base/java.util=ALL-UNNAMED --add-opens=java.prefs/java.util.prefs=ALL-UNNAMED --add-opens=java.base/java.nio.charset=ALL-UNNAMED --add-opens=java.base/java.net=ALL-UNNAMED --add-opens=java.base/java.util.concurrent=ALL-UNNAMED --add-opens=java.base/java.util.concurrent.atomic=ALL-UNNAMED --add-opens=java.xml/javax.xml.namespace=ALL-UNNAMED --add-opens=java.base/java.time=ALL-UNNAMED -Xmx2048m -Dfile.encoding=UTF-8 -Duser.country=US -Duser.language=en -Duser.variant -javaagent:C:\Users\gabov\.gradle\wrapper\dists\gradle-9.4.1-bin\arn2x92ynaizyzdaamcbpbhtj\gradle-9.4.1\lib\agents\gradle-instrumentation-agent-9.4.1.jar org.gradle.launcher.daemon.bootstrap.GradleDaemon 9.4.1

Host: AMD Ryzen 5 2600X Six-Core Processor           , 12 cores, 15G,  Windows 11 , 64 bit Build 26100 (10.0.26100.8521)
Time: Sun Jul  5 00:05:52 2026 Central America Standard Time elapsed time: 7.622623 seconds (0d 0h 0m 7s)

---------------  T H R E A D  ---------------

Current thread (0x000001bee70760e0):  JavaThread "C2 CompilerThread1" daemon [_thread_in_vm, id=18660, stack(0x00000049b5e00000,0x00000049b5f00000) (1024K)]


Current CompileTask:
C2:7622 6015   !   4       java.net.URLClassLoader$1::run (81 bytes)

Stack: [0x00000049b5e00000,0x00000049b5f00000]
Native frames: (J=compiled Java code, j=interpreted, Vv=VM code, C=native code)
V  [jvm.dll+0x6d78a9]
V  [jvm.dll+0x8665b3]
V  [jvm.dll+0x868bde]
V  [jvm.dll+0x869277]
V  [jvm.dll+0x280e67]
V  [jvm.dll+0x280e8c]
V  [jvm.dll+0x280de0]
V  [jvm.dll+0x1f7475]
V  [jvm.dll+0x1f8098]
V  [jvm.dll+0x1f514b]
V  [jvm.dll+0x20ac33]
V  [jvm.dll+0x207968]
V  [jvm.dll+0x208206]
V  [jvm.dll+0x209b7d]
V  [jvm.dll+0x208e3e]
V  [jvm.dll+0x1f3020]
V  [jvm.dll+0x144951]
V  [jvm.dll+0x2f333c]
V  [jvm.dll+0x2f52fa]
V  [jvm.dll+0x6f1d16]
V  [jvm.dll+0x6e9f6b]
V  [jvm.dll+0x6e9412]
V  [jvm.dll+0x6e75da]
V  [jvm.dll+0x1ca8bc]
V  [jvm.dll+0x2f5374]
V  [jvm.dll+0x6f1d16]
V  [jvm.dll+0x6e9f6b]
V  [jvm.dll+0x6e9412]
V  [jvm.dll+0x6e75da]
V  [jvm.dll+0x1ca8bc]
V  [jvm.dll+0x1cb46a]
V  [jvm.dll+0x1cb46a]
V  [jvm.dll+0x1cb3ac]
V  [jvm.dll+0x2f5374]
V  [jvm.dll+0x6f1d16]
V  [jvm.dll+0x6e9f6b]
V  [jvm.dll+0x6e9412]
V  [jvm.dll+0x6e75da]
V  [jvm.dll+0x1ca8bc]
V  [jvm.dll+0x1cb46a]
V  [jvm.dll+0x2f5374]
V  [jvm.dll+0x6f1d16]
V  [jvm.dll+0x6e9f6b]
V  [jvm.dll+0x6e9412]
V  [jvm.dll+0x6e75da]
V  [jvm.dll+0x1ca8bc]
V  [jvm.dll+0x1cb46a]
V  [jvm.dll+0x2f5374]
V  [jvm.dll+0x6f1d16]
V  [jvm.dll+0x6e9f6b]
V  [jvm.dll+0x6e9412]
V  [jvm.dll+0x6e75da]
V  [jvm.dll+0x1ca8bc]
V  [jvm.dll+0x1cb46a]
V  [jvm.dll+0x2f5374]
V  [jvm.dll+0x6f1d16]
V  [jvm.dll+0x6e9f6b]
V  [jvm.dll+0x6e9412]
V  [jvm.dll+0x6e75da]
V  [jvm.dll+0x1ca8bc]
V  [jvm.dll+0x248d3d]
V  [jvm.dll+0x1c76e4]
V  [jvm.dll+0x25891e]
V  [jvm.dll+0x256e66]
V  [jvm.dll+0x3f513e]
V  [jvm.dll+0x80fd28]
V  [jvm.dll+0x6d60fd]
C  [ucrtbase.dll+0x2cd30]
C  [KERNEL32.DLL+0x2e957]
C  [ntdll.dll+0x87c1c]


---------------  P R O C E S S  ---------------

Threads class SMR info:
_java_thread_list=0x000001beedd42300, length=57, elements={
0x000001bec8a1a880, 0x000001bee28ed9a0, 0x000001bee28f0830, 0x000001bee28f9630,
0x000001bee290ac50, 0x000001bee290b2c0, 0x000001bee290bd20, 0x000001bee2910870,
0x000001bee2911730, 0x000001bee2946700, 0x000001bee7071240, 0x000001bee9acf9a0,
0x000001beea22a6b0, 0x000001bee888b330, 0x000001beea0d4f90, 0x000001beea2b4ca0,
0x000001beea11ff60, 0x000001bee8e91f00, 0x000001bee8e92590, 0x000001bee8e8f7a0,
0x000001bee8e8fe30, 0x000001bee8e904c0, 0x000001bee8e8f110, 0x000001bee8e90b50,
0x000001beed89dba0, 0x000001beed89bad0, 0x000001beed89a720, 0x000001beed89c7f0,
0x000001beed89e230, 0x000001beed89ce80, 0x000001beed89adb0, 0x000001beed89e8c0,
0x000001beed89d510, 0x000001beed89b440, 0x000001beed89ef50, 0x000001beed89fc70,
0x000001beed89f5e0, 0x000001beed8a0300, 0x000001beed8a0990, 0x000001beed8a1020,
0x000001beed8a1d40, 0x000001beece3e540, 0x000001beece3f260, 0x000001beece3d820,
0x000001beece3c470, 0x000001beece3cb00, 0x000001beece3ebd0, 0x000001beece3bde0,
0x000001beece3f8f0, 0x000001beece3ff80, 0x000001beece40610, 0x000001beece3d190,
0x000001beece419c0, 0x000001beece40ca0, 0x000001beece42050, 0x000001beece41330,
0x000001bee70760e0
}

Java Threads: ( => current thread )
  0x000001bec8a1a880 JavaThread "main"                              [_thread_blocked, id=16756, stack(0x00000049b4c00000,0x00000049b4d00000) (1024K)]
  0x000001bee28ed9a0 JavaThread "Common-Cleaner"             daemon [_thread_blocked, id=16768, stack(0x00000049b5400000,0x00000049b5500000) (1024K)]
  0x000001bee28f0830 JavaThread "Reference Handler"          daemon [_thread_blocked, id=16748, stack(0x00000049b5500000,0x00000049b5600000) (1024K)]
  0x000001bee28f9630 JavaThread "Finalizer"                  daemon [_thread_blocked, id=17100, stack(0x00000049b5600000,0x00000049b5700000) (1024K)]
  0x000001bee290ac50 JavaThread "Signal Dispatcher"          daemon [_thread_blocked, id=15276, stack(0x00000049b5700000,0x00000049b5800000) (1024K)]
  0x000001bee290b2c0 JavaThread "Attach Listener"            daemon [_thread_blocked, id=6664, stack(0x00000049b5800000,0x00000049b5900000) (1024K)]
  0x000001bee290bd20 JavaThread "Service Thread"             daemon [_thread_blocked, id=12776, stack(0x00000049b5900000,0x00000049b5a00000) (1024K)]
  0x000001bee2910870 JavaThread "Monitor Deflation Thread"   daemon [_thread_blocked, id=14548, stack(0x00000049b5a00000,0x00000049b5b00000) (1024K)]
  0x000001bee2911730 JavaThread "C2 CompilerThread0"         daemon [_thread_in_vm, id=14280, stack(0x00000049b5b00000,0x00000049b5c00000) (1024K)]
  0x000001bee2946700 JavaThread "C1 CompilerThread0"         daemon [_thread_blocked, id=11372, stack(0x00000049b5c00000,0x00000049b5d00000) (1024K)]
  0x000001bee7071240 JavaThread "Notification Thread"        daemon [_thread_blocked, id=13232, stack(0x00000049b5d00000,0x00000049b5e00000) (1024K)]
  0x000001bee9acf9a0 JavaThread "Daemon health stats"               [_thread_blocked, id=15708, stack(0x00000049b6400000,0x00000049b6500000) (1024K)]
  0x000001beea22a6b0 JavaThread "Incoming local TCP Connector on port 62223"        [_thread_in_native, id=15116, stack(0x00000049b6500000,0x00000049b6600000) (1024K)]
  0x000001bee888b330 JavaThread "Daemon periodic checks"            [_thread_blocked, id=14084, stack(0x00000049b6600000,0x00000049b6700000) (1024K)]
  0x000001beea0d4f90 JavaThread "Daemon"                            [_thread_blocked, id=16408, stack(0x00000049b6700000,0x00000049b6800000) (1024K)]
  0x000001beea2b4ca0 JavaThread "Handler for socket connection from /127.0.0.1:62223 to /127.0.0.1:62224"        [_thread_in_native, id=16432, stack(0x00000049b6800000,0x00000049b6900000) (1024K)]
  0x000001beea11ff60 JavaThread "Cancel handler"                    [_thread_blocked, id=17060, stack(0x00000049b6f00000,0x00000049b7000000) (1024K)]
  0x000001bee8e91f00 JavaThread "Daemon worker"                     [_thread_blocked, id=10124, stack(0x00000049b7000000,0x00000049b7100000) (1024K)]
  0x000001bee8e92590 JavaThread "Asynchronous log dispatcher for DefaultDaemonConnection: socket connection from /127.0.0.1:62223 to /127.0.0.1:62224"        [_thread_blocked, id=15972, stack(0x00000049b7100000,0x00000049b7200000) (1024K)]
  0x000001bee8e8f7a0 JavaThread "Stdin handler"                     [_thread_blocked, id=16572, stack(0x00000049b7200000,0x00000049b7300000) (1024K)]
  0x000001bee8e8fe30 JavaThread "Daemon client event forwarder"        [_thread_blocked, id=16872, stack(0x00000049b7300000,0x00000049b7400000) (1024K)]
  0x000001bee8e904c0 JavaThread "Cache worker for journal cache (C:\Users\gabov\.gradle\caches\journal-1)"        [_thread_blocked, id=17028, stack(0x00000049b7400000,0x00000049b7500000) (1024K)]
  0x000001bee8e8f110 JavaThread "File lock request listener"        [_thread_in_native, id=8208, stack(0x00000049b7500000,0x00000049b7600000) (1024K)]
  0x000001bee8e90b50 JavaThread "Cache worker for file hash cache (C:\Users\gabov\.gradle\caches\9.4.1\fileHashes)"        [_thread_blocked, id=16716, stack(0x00000049b7600000,0x00000049b7700000) (1024K)]
  0x000001beed89dba0 JavaThread "Cache worker for file hash cache (C:\Users\gabov\AndroidStudioProjects\EHTracker\.gradle\9.4.1\fileHashes)"        [_thread_blocked, id=17248, stack(0x00000049b7800000,0x00000049b7900000) (1024K)]
  0x000001beed89bad0 JavaThread "Cache worker for Build Output Cleanup Cache (C:\Users\gabov\AndroidStudioProjects\EHTracker\.gradle\buildOutputCleanup)"        [_thread_blocked, id=17244, stack(0x00000049b7900000,0x00000049b7a00000) (1024K)]
  0x000001beed89a720 JavaThread "File watcher server"        daemon [_thread_in_native, id=17252, stack(0x00000049b7a00000,0x00000049b7b00000) (1024K)]
  0x000001beed89c7f0 JavaThread "File watcher consumer"      daemon [_thread_blocked, id=17264, stack(0x00000049b7b00000,0x00000049b7c00000) (1024K)]
  0x000001beed89e230 JavaThread "jar transforms"                    [_thread_blocked, id=17276, stack(0x00000049b7c00000,0x00000049b7d00000) (1024K)]
  0x000001beed89ce80 JavaThread "jar transforms Thread 2"           [_thread_blocked, id=17312, stack(0x00000049b7d00000,0x00000049b7e00000) (1024K)]
  0x000001beed89adb0 JavaThread "jar transforms Thread 3"           [_thread_blocked, id=17284, stack(0x00000049b7e00000,0x00000049b7f00000) (1024K)]
  0x000001beed89e8c0 JavaThread "jar transforms Thread 4"           [_thread_blocked, id=17292, stack(0x00000049b7f00000,0x00000049b8000000) (1024K)]
  0x000001beed89d510 JavaThread "jar transforms Thread 5"           [_thread_blocked, id=17308, stack(0x00000049b8000000,0x00000049b8100000) (1024K)]
  0x000001beed89b440 JavaThread "jar transforms Thread 6"           [_thread_blocked, id=17316, stack(0x00000049b8100000,0x00000049b8200000) (1024K)]
  0x000001beed89ef50 JavaThread "jar transforms Thread 7"           [_thread_blocked, id=17320, stack(0x00000049b8200000,0x00000049b8300000) (1024K)]
  0x000001beed89fc70 JavaThread "jar transforms Thread 8"           [_thread_blocked, id=17372, stack(0x00000049b8300000,0x00000049b8400000) (1024K)]
  0x000001beed89f5e0 JavaThread "jar transforms Thread 9"           [_thread_blocked, id=17376, stack(0x00000049b8400000,0x00000049b8500000) (1024K)]
  0x000001beed8a0300 JavaThread "jar transforms Thread 10"          [_thread_blocked, id=17356, stack(0x00000049b8500000,0x00000049b8600000) (1024K)]
  0x000001beed8a0990 JavaThread "jar transforms Thread 11"          [_thread_blocked, id=17364, stack(0x00000049b8600000,0x00000049b8700000) (1024K)]
  0x000001beed8a1020 JavaThread "jar transforms Thread 12"          [_thread_blocked, id=17360, stack(0x00000049b8700000,0x00000049b8800000) (1024K)]
  0x000001beed8a1d40 JavaThread "Cache worker for file content cache (C:\Users\gabov\.gradle\caches\9.4.1\fileContent)"        [_thread_blocked, id=17484, stack(0x00000049b8800000,0x00000049b8900000) (1024K)]
  0x000001beece3e540 JavaThread "Cache worker for checksums cache (C:\Users\gabov\AndroidStudioProjects\EHTracker\.gradle\9.4.1\checksums)"        [_thread_blocked, id=17488, stack(0x00000049b8900000,0x00000049b8a00000) (1024K)]
  0x000001beece3f260 JavaThread "Cache worker for cache directory md-supplier (C:\Users\gabov\.gradle\caches\9.4.1\md-supplier)"        [_thread_blocked, id=17528, stack(0x00000049b8a00000,0x00000049b8b00000) (1024K)]
  0x000001beece3d820 JavaThread "Cache worker for cache directory md-rule (C:\Users\gabov\.gradle\caches\9.4.1\md-rule)"        [_thread_blocked, id=17532, stack(0x00000049b8b00000,0x00000049b8c00000) (1024K)]
  0x000001beece3c470 JavaThread "Build operations"                  [_thread_blocked, id=17984, stack(0x00000049b8c00000,0x00000049b8d00000) (1024K)]
  0x000001beece3cb00 JavaThread "Build operations Thread 2"         [_thread_blocked, id=17992, stack(0x00000049b8d00000,0x00000049b8e00000) (1024K)]
  0x000001beece3ebd0 JavaThread "Build operations Thread 3"         [_thread_blocked, id=18120, stack(0x00000049b8e00000,0x00000049b8f00000) (1024K)]
  0x000001beece3bde0 JavaThread "Build operations Thread 4"         [_thread_blocked, id=18124, stack(0x00000049b8f00000,0x00000049b9000000) (1024K)]
  0x000001beece3f8f0 JavaThread "Build operations Thread 5"         [_thread_blocked, id=18416, stack(0x00000049b9000000,0x00000049b9100000) (1024K)]
  0x000001beece3ff80 JavaThread "Build operations Thread 6"         [_thread_blocked, id=18420, stack(0x00000049b9100000,0x00000049b9200000) (1024K)]
  0x000001beece40610 JavaThread "Build operations Thread 7"         [_thread_blocked, id=18424, stack(0x00000049b9200000,0x00000049b9300000) (1024K)]
  0x000001beece3d190 JavaThread "Build operations Thread 8"         [_thread_blocked, id=18428, stack(0x00000049b9300000,0x00000049b9400000) (1024K)]
  0x000001beece419c0 JavaThread "Build operations Thread 9"         [_thread_blocked, id=14064, stack(0x00000049b9400000,0x00000049b9500000) (1024K)]
  0x000001beece40ca0 JavaThread "Build operations Thread 10"        [_thread_blocked, id=5592, stack(0x00000049b9500000,0x00000049b9600000) (1024K)]
  0x000001beece42050 JavaThread "Build operations Thread 11"        [_thread_blocked, id=17228, stack(0x00000049b9600000,0x00000049b9700000) (1024K)]
  0x000001beece41330 JavaThread "Build operations Thread 12"        [_thread_blocked, id=4352, stack(0x00000049b9700000,0x00000049b9800000) (1024K)]
=>0x000001bee70760e0 JavaThread "C2 CompilerThread1"         daemon [_thread_in_vm, id=18660, stack(0x00000049b5e00000,0x00000049b5f00000) (1024K)]
Total: 57

Other Threads:
  0x000001bee287cf50 VMThread "VM Thread"                           [id=16736, stack(0x00000049b5300000,0x00000049b5400000) (1024K)] _threads_hazard_ptr=0x000001beedd42300
  0x000001bee28719e0 WatcherThread "VM Periodic Task Thread"        [id=16684, stack(0x00000049b5200000,0x00000049b5300000) (1024K)]
  0x000001bec8f51880 WorkerThread "GC Thread#0"                     [id=16720, stack(0x00000049b4d00000,0x00000049b4e00000) (1024K)]
  0x000001bee7e658c0 WorkerThread "GC Thread#1"                     [id=15960, stack(0x00000049b5f00000,0x00000049b6000000) (1024K)]
  0x000001bee7db3d00 WorkerThread "GC Thread#2"                     [id=15824, stack(0x00000049b6000000,0x00000049b6100000) (1024K)]
  0x000001bee7db40b0 WorkerThread "GC Thread#3"                     [id=5708, stack(0x00000049b6100000,0x00000049b6200000) (1024K)]
  0x000001bee7df8370 WorkerThread "GC Thread#4"                     [id=3280, stack(0x00000049b6200000,0x00000049b6300000) (1024K)]
  0x000001bee7dec840 WorkerThread "GC Thread#5"                     [id=16180, stack(0x00000049b6300000,0x00000049b6400000) (1024K)]
  0x000001bee837c5f0 WorkerThread "GC Thread#6"                     [id=14940, stack(0x00000049b6900000,0x00000049b6a00000) (1024K)]
  0x000001bee837c9a0 WorkerThread "GC Thread#7"                     [id=17120, stack(0x00000049b6a00000,0x00000049b6b00000) (1024K)]
  0x000001bee837cd50 WorkerThread "GC Thread#8"                     [id=16936, stack(0x00000049b6b00000,0x00000049b6c00000) (1024K)]
  0x000001bee837d100 WorkerThread "GC Thread#9"                     [id=16912, stack(0x00000049b6c00000,0x00000049b6d00000) (1024K)]
  0x000001bec8f63ff0 ConcurrentGCThread "G1 Main Marker"            [id=16708, stack(0x00000049b4e00000,0x00000049b4f00000) (1024K)]
  0x000001bec8f651b0 WorkerThread "G1 Conc#0"                       [id=16692, stack(0x00000049b4f00000,0x00000049b5000000) (1024K)]
  0x000001bee837d4b0 WorkerThread "G1 Conc#1"                       [id=17108, stack(0x00000049b6d00000,0x00000049b6e00000) (1024K)]
  0x000001bee837d860 WorkerThread "G1 Conc#2"                       [id=3272, stack(0x00000049b6e00000,0x00000049b6f00000) (1024K)]
  0x000001bee26d1740 ConcurrentGCThread "G1 Refine#0"               [id=16712, stack(0x00000049b5000000,0x00000049b5100000) (1024K)]
  0x000001bee26d21d0 ConcurrentGCThread "G1 Service"                [id=16664, stack(0x00000049b5100000,0x00000049b5200000) (1024K)]
Total: 18

Threads with active compile tasks:
C2 CompilerThread0  7699 6014       4       java.net.URLClassLoader$1::run (5 bytes)
C2 CompilerThread1  7699 6015   !   4       java.net.URLClassLoader$1::run (81 bytes)
Total: 2

VM state: synchronizing (normal execution)

VM Mutex/Monitor currently owned by a thread:  ([mutex/lock_event])
[0x00007ffe875286d0] Threads_lock - owner thread: 0x000001bee287cf50
[0x00007ffe875287d0] Heap_lock - owner thread: 0x000001bee8e91f00

Heap address: 0x0000000080000000, size: 2048 MB, Compressed Oops mode: 32-bit

CDS archive(s) not mapped
Compressed class space mapped at: 0x0000000100000000-0x0000000140000000, reserved size: 1073741824
Narrow klass base: 0x0000000000000000, Narrow klass shift: 3, Narrow klass range: 0x140000000

GC Precious Log:
 CardTable entry size: 512
 Card Set container configuration: InlinePtr #cards 5 size 8 Array Of Cards #cards 12 size 40 Howl #buckets 4 coarsen threshold 1843 Howl Bitmap #cards 512 size 80 coarsen threshold 460 Card regions per heap region 1 cards per card region 2048
 CPUs: 12 total, 12 available
 Memory: 16313M
 Large Page Support: Disabled
 NUMA Support: Disabled
 Compressed Oops: Enabled (32-bit)
 Heap Region Size: 1M
 Heap Min Capacity: 8M
 Heap Initial Capacity: 256M
 Heap Max Capacity: 2G
 Pre-touch: Disabled
 Parallel Workers: 10
 Concurrent Workers: 3
 Concurrent Refinement Workers: 10
 Periodic GC: Disabled

Heap:
 garbage-first heap   total 107520K, used 85770K [0x0000000080000000, 0x0000000100000000)
  region size 1024K, 25 young (25600K), 4 survivors (4096K)
 Metaspace       used 59150K, committed 60864K, reserved 1114112K
  class space    used 8383K, committed 9216K, reserved 1048576K

Heap Regions: E=young(eden), S=young(survivor), O=old, HS=humongous(starts), HC=humongous(continues), CS=collection set, F=free, TAMS=top-at-mark-start, PB=parsable bottom
|   0|0x0000000080000000, 0x0000000080100000, 0x0000000080100000|100%|HS|  |TAMS 0x0000000080000000| PB 0x0000000080000000| Complete 
|   1|0x0000000080100000, 0x0000000080200000, 0x0000000080200000|100%|HC|  |TAMS 0x0000000080100000| PB 0x0000000080100000| Complete 
|   2|0x0000000080200000, 0x0000000080300000, 0x0000000080300000|100%|HC|  |TAMS 0x0000000080200000| PB 0x0000000080200000| Complete 
|   3|0x0000000080300000, 0x0000000080400000, 0x0000000080400000|100%|HC|  |TAMS 0x0000000080300000| PB 0x0000000080300000| Complete 
|   4|0x0000000080400000, 0x0000000080500000, 0x0000000080500000|100%| O|  |TAMS 0x0000000080400000| PB 0x0000000080400000| Untracked 
|   5|0x0000000080500000, 0x0000000080600000, 0x0000000080600000|100%| O|  |TAMS 0x0000000080500000| PB 0x0000000080500000| Untracked 
|   6|0x0000000080600000, 0x0000000080700000, 0x0000000080700000|100%| O|  |TAMS 0x0000000080600000| PB 0x0000000080600000| Untracked 
|   7|0x0000000080700000, 0x0000000080800000, 0x0000000080800000|100%| O|  |TAMS 0x0000000080700000| PB 0x0000000080700000| Untracked 
|   8|0x0000000080800000, 0x0000000080900000, 0x0000000080900000|100%| O|  |TAMS 0x0000000080800000| PB 0x0000000080800000| Untracked 
|   9|0x0000000080900000, 0x0000000080a00000, 0x0000000080a00000|100%| O|  |TAMS 0x0000000080900000| PB 0x0000000080900000| Untracked 
|  10|0x0000000080a00000, 0x0000000080b00000, 0x0000000080b00000|100%| O|  |TAMS 0x0000000080a00000| PB 0x0000000080a00000| Untracked 
|  11|0x0000000080b00000, 0x0000000080c00000, 0x0000000080c00000|100%|HS|  |TAMS 0x0000000080b00000| PB 0x0000000080b00000| Complete 
|  12|0x0000000080c00000, 0x0000000080d00000, 0x0000000080d00000|100%| O|  |TAMS 0x0000000080c00000| PB 0x0000000080c00000| Untracked 
|  13|0x0000000080d00000, 0x0000000080e00000, 0x0000000080e00000|100%|HS|  |TAMS 0x0000000080d00000| PB 0x0000000080d00000| Complete 
|  14|0x0000000080e00000, 0x0000000080f00000, 0x0000000080f00000|100%| O|  |TAMS 0x0000000080e00000| PB 0x0000000080e00000| Untracked 
|  15|0x0000000080f00000, 0x0000000081000000, 0x0000000081000000|100%| O|  |TAMS 0x0000000080f00000| PB 0x0000000080f00000| Untracked 
|  16|0x0000000081000000, 0x0000000081100000, 0x0000000081100000|100%| O|  |TAMS 0x0000000081000000| PB 0x0000000081000000| Untracked 
|  17|0x0000000081100000, 0x0000000081200000, 0x0000000081200000|100%| O|  |TAMS 0x0000000081100000| PB 0x0000000081100000| Untracked 
|  18|0x0000000081200000, 0x0000000081300000, 0x0000000081300000|100%| O|  |TAMS 0x0000000081200000| PB 0x0000000081200000| Untracked 
|  19|0x0000000081300000, 0x0000000081400000, 0x0000000081400000|100%| O|  |TAMS 0x0000000081300000| PB 0x0000000081300000| Untracked 
|  20|0x0000000081400000, 0x0000000081500000, 0x0000000081500000|100%| O|  |TAMS 0x0000000081400000| PB 0x0000000081400000| Untracked 
|  21|0x0000000081500000, 0x0000000081600000, 0x0000000081600000|100%| O|  |TAMS 0x0000000081500000| PB 0x0000000081500000| Untracked 
|  22|0x0000000081600000, 0x0000000081700000, 0x0000000081700000|100%| O|  |TAMS 0x0000000081600000| PB 0x0000000081600000| Untracked 
|  23|0x0000000081700000, 0x0000000081800000, 0x0000000081800000|100%|HS|  |TAMS 0x0000000081700000| PB 0x0000000081700000| Complete 
|  24|0x0000000081800000, 0x0000000081900000, 0x0000000081900000|100%|HC|  |TAMS 0x0000000081800000| PB 0x0000000081800000| Complete 
|  25|0x0000000081900000, 0x0000000081a00000, 0x0000000081a00000|100%|HC|  |TAMS 0x0000000081900000| PB 0x0000000081900000| Complete 
|  26|0x0000000081a00000, 0x0000000081b00000, 0x0000000081b00000|100%|HC|  |TAMS 0x0000000081a00000| PB 0x0000000081a00000| Complete 
|  27|0x0000000081b00000, 0x0000000081c00000, 0x0000000081c00000|100%|HC|  |TAMS 0x0000000081b00000| PB 0x0000000081b00000| Complete 
|  28|0x0000000081c00000, 0x0000000081d00000, 0x0000000081d00000|100%|HC|  |TAMS 0x0000000081c00000| PB 0x0000000081c00000| Complete 
|  29|0x0000000081d00000, 0x0000000081e00000, 0x0000000081e00000|100%|HS|  |TAMS 0x0000000081d00000| PB 0x0000000081d00000| Complete 
|  30|0x0000000081e00000, 0x0000000081f00000, 0x0000000081f00000|100%|HS|  |TAMS 0x0000000081e00000| PB 0x0000000081e00000| Complete 
|  31|0x0000000081f00000, 0x0000000082000000, 0x0000000082000000|100%|HC|  |TAMS 0x0000000081f00000| PB 0x0000000081f00000| Complete 
|  32|0x0000000082000000, 0x0000000082100000, 0x0000000082100000|100%|HC|  |TAMS 0x0000000082000000| PB 0x0000000082000000| Complete 
|  33|0x0000000082100000, 0x0000000082200000, 0x0000000082200000|100%|HC|  |TAMS 0x0000000082100000| PB 0x0000000082100000| Complete 
|  34|0x0000000082200000, 0x0000000082300000, 0x0000000082300000|100%|HC|  |TAMS 0x0000000082200000| PB 0x0000000082200000| Complete 
|  35|0x0000000082300000, 0x0000000082400000, 0x0000000082400000|100%|HC|  |TAMS 0x0000000082300000| PB 0x0000000082300000| Complete 
|  36|0x0000000082400000, 0x0000000082500000, 0x0000000082500000|100%|HS|  |TAMS 0x0000000082400000| PB 0x0000000082400000| Complete 
|  37|0x0000000082500000, 0x0000000082600000, 0x0000000082600000|100%| O|  |TAMS 0x0000000082500000| PB 0x0000000082500000| Untracked 
|  38|0x0000000082600000, 0x0000000082700000, 0x0000000082700000|100%| O|  |TAMS 0x0000000082600000| PB 0x0000000082600000| Untracked 
|  39|0x0000000082700000, 0x0000000082800000, 0x0000000082800000|100%| O|  |TAMS 0x0000000082700000| PB 0x0000000082700000| Untracked 
|  40|0x0000000082800000, 0x0000000082900000, 0x0000000082900000|100%|HS|  |TAMS 0x0000000082800000| PB 0x0000000082800000| Complete 
|  41|0x0000000082900000, 0x0000000082a00000, 0x0000000082a00000|100%| O|  |TAMS 0x0000000082900000| PB 0x0000000082900000| Untracked 
|  42|0x0000000082a00000, 0x0000000082b00000, 0x0000000082b00000|100%| O|  |TAMS 0x0000000082a00000| PB 0x0000000082a00000| Untracked 
|  43|0x0000000082b00000, 0x0000000082c00000, 0x0000000082c00000|100%| O|  |TAMS 0x0000000082b00000| PB 0x0000000082b00000| Untracked 
|  44|0x0000000082c00000, 0x0000000082d00000, 0x0000000082d00000|100%| O|  |TAMS 0x0000000082c00000| PB 0x0000000082c00000| Untracked 
|  45|0x0000000082d00000, 0x0000000082e00000, 0x0000000082e00000|100%| O|  |TAMS 0x0000000082d00000| PB 0x0000000082d00000| Untracked 
|  46|0x0000000082e00000, 0x0000000082f00000, 0x0000000082f00000|100%| O|  |TAMS 0x0000000082e00000| PB 0x0000000082e00000| Untracked 
|  47|0x0000000082f00000, 0x0000000083000000, 0x0000000083000000|100%| O|  |TAMS 0x0000000082f00000| PB 0x0000000082f00000| Untracked 
|  48|0x0000000083000000, 0x0000000083100000, 0x0000000083100000|100%| O|  |TAMS 0x0000000083000000| PB 0x0000000083000000| Untracked 
|  49|0x0000000083100000, 0x0000000083200000, 0x0000000083200000|100%| O|  |TAMS 0x0000000083100000| PB 0x0000000083100000| Untracked 
|  50|0x0000000083200000, 0x0000000083300000, 0x0000000083300000|100%| O|  |TAMS 0x0000000083200000| PB 0x0000000083200000| Untracked 
|  51|0x0000000083300000, 0x0000000083400000, 0x0000000083400000|100%| O|  |TAMS 0x0000000083300000| PB 0x0000000083300000| Untracked 
|  52|0x0000000083400000, 0x0000000083500000, 0x0000000083500000|100%| O|Cm|TAMS 0x0000000083400000| PB 0x0000000083400000| Complete 
|  53|0x0000000083500000, 0x00000000835c28e8, 0x0000000083600000| 75%| O|  |TAMS 0x0000000083500000| PB 0x0000000083500000| Untracked 
|  54|0x0000000083600000, 0x0000000083600000, 0x0000000083700000|  0%| F|  |TAMS 0x0000000083600000| PB 0x0000000083600000| Untracked 
|  55|0x0000000083700000, 0x0000000083700000, 0x0000000083800000|  0%| F|  |TAMS 0x0000000083700000| PB 0x0000000083700000| Untracked 
|  56|0x0000000083800000, 0x0000000083900000, 0x0000000083900000|100%| S|CS|TAMS 0x0000000083800000| PB 0x0000000083800000| Complete 
|  57|0x0000000083900000, 0x0000000083900000, 0x0000000083a00000|  0%| F|  |TAMS 0x0000000083900000| PB 0x0000000083900000| Untracked 
|  58|0x0000000083a00000, 0x0000000083a00000, 0x0000000083b00000|  0%| F|  |TAMS 0x0000000083a00000| PB 0x0000000083a00000| Untracked 
|  59|0x0000000083b00000, 0x0000000083c00000, 0x0000000083c00000|100%| S|CS|TAMS 0x0000000083b00000| PB 0x0000000083b00000| Complete 
|  60|0x0000000083c00000, 0x0000000083d00000, 0x0000000083d00000|100%| S|CS|TAMS 0x0000000083c00000| PB 0x0000000083c00000| Complete 
|  61|0x0000000083d00000, 0x0000000083e00000, 0x0000000083e00000|100%| S|CS|TAMS 0x0000000083d00000| PB 0x0000000083d00000| Complete 
|  62|0x0000000083e00000, 0x0000000083e00000, 0x0000000083f00000|  0%| F|  |TAMS 0x0000000083e00000| PB 0x0000000083e00000| Untracked 
|  63|0x0000000083f00000, 0x0000000083f00000, 0x0000000084000000|  0%| F|  |TAMS 0x0000000083f00000| PB 0x0000000083f00000| Untracked 
|  64|0x0000000084000000, 0x0000000084000000, 0x0000000084100000|  0%| F|  |TAMS 0x0000000084000000| PB 0x0000000084000000| Untracked 
|  65|0x0000000084100000, 0x0000000084100000, 0x0000000084200000|  0%| F|  |TAMS 0x0000000084100000| PB 0x0000000084100000| Untracked 
|  66|0x0000000084200000, 0x0000000084200000, 0x0000000084300000|  0%| F|  |TAMS 0x0000000084200000| PB 0x0000000084200000| Untracked 
|  67|0x0000000084300000, 0x0000000084300000, 0x0000000084400000|  0%| F|  |TAMS 0x0000000084300000| PB 0x0000000084300000| Untracked 
|  68|0x0000000084400000, 0x0000000084400000, 0x0000000084500000|  0%| F|  |TAMS 0x0000000084400000| PB 0x0000000084400000| Untracked 
|  69|0x0000000084500000, 0x0000000084500000, 0x0000000084600000|  0%| F|  |TAMS 0x0000000084500000| PB 0x0000000084500000| Untracked 
|  70|0x0000000084600000, 0x0000000084600000, 0x0000000084700000|  0%| F|  |TAMS 0x0000000084600000| PB 0x0000000084600000| Untracked 
|  71|0x0000000084700000, 0x0000000084700000, 0x0000000084800000|  0%| F|  |TAMS 0x0000000084700000| PB 0x0000000084700000| Untracked 
|  72|0x0000000084800000, 0x0000000084800000, 0x0000000084900000|  0%| F|  |TAMS 0x0000000084800000| PB 0x0000000084800000| Untracked 
|  73|0x0000000084900000, 0x0000000084900000, 0x0000000084a00000|  0%| F|  |TAMS 0x0000000084900000| PB 0x0000000084900000| Untracked 
|  74|0x0000000084a00000, 0x0000000084a00000, 0x0000000084b00000|  0%| F|  |TAMS 0x0000000084a00000| PB 0x0000000084a00000| Untracked 
|  75|0x0000000084b00000, 0x0000000084b00000, 0x0000000084c00000|  0%| F|  |TAMS 0x0000000084b00000| PB 0x0000000084b00000| Untracked 
|  76|0x0000000084c00000, 0x0000000084c00000, 0x0000000084d00000|  0%| F|  |TAMS 0x0000000084c00000| PB 0x0000000084c00000| Untracked 
|  77|0x0000000084d00000, 0x0000000084d00000, 0x0000000084e00000|  0%| F|  |TAMS 0x0000000084d00000| PB 0x0000000084d00000| Untracked 
|  78|0x0000000084e00000, 0x0000000084e00000, 0x0000000084f00000|  0%| F|  |TAMS 0x0000000084e00000| PB 0x0000000084e00000| Untracked 
|  79|0x0000000084f00000, 0x0000000085000000, 0x0000000085000000|100%| E|CS|TAMS 0x0000000084f00000| PB 0x0000000084f00000| Complete 
|  80|0x0000000085000000, 0x0000000085100000, 0x0000000085100000|100%| E|CS|TAMS 0x0000000085000000| PB 0x0000000085000000| Complete 
|  81|0x0000000085100000, 0x0000000085200000, 0x0000000085200000|100%| E|CS|TAMS 0x0000000085100000| PB 0x0000000085100000| Complete 
|  82|0x0000000085200000, 0x0000000085300000, 0x0000000085300000|100%| E|CS|TAMS 0x0000000085200000| PB 0x0000000085200000| Complete 
|  83|0x0000000085300000, 0x0000000085400000, 0x0000000085400000|100%| E|CS|TAMS 0x0000000085300000| PB 0x0000000085300000| Complete 
|  84|0x0000000085400000, 0x0000000085500000, 0x0000000085500000|100%| E|CS|TAMS 0x0000000085400000| PB 0x0000000085400000| Complete 
|  85|0x0000000085500000, 0x0000000085600000, 0x0000000085600000|100%| E|CS|TAMS 0x0000000085500000| PB 0x0000000085500000| Complete 
|  86|0x0000000085600000, 0x0000000085700000, 0x0000000085700000|100%| E|CS|TAMS 0x0000000085600000| PB 0x0000000085600000| Complete 
|  87|0x0000000085700000, 0x0000000085800000, 0x0000000085800000|100%| E|CS|TAMS 0x0000000085700000| PB 0x0000000085700000| Complete 
|  88|0x0000000085800000, 0x0000000085900000, 0x0000000085900000|100%| E|CS|TAMS 0x0000000085800000| PB 0x0000000085800000| Complete 
|  89|0x0000000085900000, 0x0000000085a00000, 0x0000000085a00000|100%| E|CS|TAMS 0x0000000085900000| PB 0x0000000085900000| Complete 
| 195|0x000000008c300000, 0x000000008c400000, 0x000000008c400000|100%| E|CS|TAMS 0x000000008c300000| PB 0x000000008c300000| Complete 
| 196|0x000000008c400000, 0x000000008c500000, 0x000000008c500000|100%| E|CS|TAMS 0x000000008c400000| PB 0x000000008c400000| Complete 
| 197|0x000000008c500000, 0x000000008c600000, 0x000000008c600000|100%| E|CS|TAMS 0x000000008c500000| PB 0x000000008c500000| Complete 
| 198|0x000000008c600000, 0x000000008c700000, 0x000000008c700000|100%| E|CS|TAMS 0x000000008c600000| PB 0x000000008c600000| Complete 
| 199|0x000000008c700000, 0x000000008c800000, 0x000000008c800000|100%| E|CS|TAMS 0x000000008c700000| PB 0x000000008c700000| Complete 
| 200|0x000000008c800000, 0x000000008c900000, 0x000000008c900000|100%| E|CS|TAMS 0x000000008c800000| PB 0x000000008c800000| Complete 
| 201|0x000000008c900000, 0x000000008ca00000, 0x000000008ca00000|100%| E|CS|TAMS 0x000000008c900000| PB 0x000000008c900000| Complete 
| 202|0x000000008ca00000, 0x000000008cb00000, 0x000000008cb00000|100%| E|CS|TAMS 0x000000008ca00000| PB 0x000000008ca00000| Complete 
| 203|0x000000008cb00000, 0x000000008cc00000, 0x000000008cc00000|100%| E|CS|TAMS 0x000000008cb00000| PB 0x000000008cb00000| Complete 
| 255|0x000000008ff00000, 0x0000000090000000, 0x0000000090000000|100%| E|CS|TAMS 0x000000008ff00000| PB 0x000000008ff00000| Complete 
|2043|0x00000000ffb00000, 0x00000000ffc00000, 0x00000000ffc00000|100%| O|  |TAMS 0x00000000ffb00000| PB 0x00000000ffb00000| Untracked 
|2044|0x00000000ffc00000, 0x00000000ffd00000, 0x00000000ffd00000|100%| O|  |TAMS 0x00000000ffc00000| PB 0x00000000ffc00000| Untracked 
|2045|0x00000000ffd00000, 0x00000000ffe00000, 0x00000000ffe00000|100%| O|  |TAMS 0x00000000ffd00000| PB 0x00000000ffd00000| Untracked 
|2046|0x00000000ffe00000, 0x00000000fff00000, 0x00000000fff00000|100%| O|  |TAMS 0x00000000ffe00000| PB 0x00000000ffe00000| Untracked 
|2047|0x00000000fff00000, 0x0000000100000000, 0x0000000100000000|100%| O|  |TAMS 0x00000000fff00000| PB 0x00000000fff00000| Untracked 

Card table byte_map: [0x000001bedd6c0000,0x000001beddac0000] _byte_map_base: 0x000001bedd2c0000

Marking Bits: (CMBitMap*) 0x000001bec8adbfc0
 Bits: [0x000001beddac0000, 0x000001bedfac0000)

Polling page: 0x000001bec8b70000

Metaspace:

Usage:
  Non-class:     49.58 MB used.
      Class:      8.19 MB used.
       Both:     57.76 MB used.

Virtual space:
  Non-class space:       64.00 MB reserved,      50.44 MB ( 79%) committed,  1 nodes.
      Class space:        1.00 GB reserved,       9.00 MB ( <1%) committed,  1 nodes.
             Both:        1.06 GB reserved,      59.44 MB (  5%) committed. 

Chunk freelists:
   Non-Class:  13.39 MB
       Class:  7.04 MB
        Both:  20.43 MB

MaxMetaspaceSize: unlimited
CompressedClassSpaceSize: 1.00 GB
Initial GC threshold: 21.00 MB
Current GC threshold: 96.88 MB
CDS: off
 - commit_granule_bytes: 65536.
 - commit_granule_words: 8192.
 - virtual_space_node_default_size: 8388608.
 - enlarge_chunks_in_place: 1.
 - use_allocation_guard: 0.


Internal statistics:

num_allocs_failed_limit: 6.
num_arena_births: 3244.
num_arena_deaths: 0.
num_vsnodes_births: 2.
num_vsnodes_deaths: 0.
num_space_committed: 951.
num_space_uncommitted: 0.
num_chunks_returned_to_freelist: 6.
num_chunks_taken_from_freelist: 5726.
num_chunk_merges: 6.
num_chunk_splits: 3687.
num_chunks_enlarged: 2225.
num_inconsistent_stats: 0.

CodeHeap 'non-profiled nmethods': size=120000Kb used=2998Kb max_used=3351Kb free=117001Kb
 bounds [0x000001bed5100000, 0x000001bed5450000, 0x000001bedc630000]
CodeHeap 'profiled nmethods': size=120000Kb used=9666Kb max_used=9993Kb free=110333Kb
 bounds [0x000001becd630000, 0x000001bece000000, 0x000001bed4b60000]
CodeHeap 'non-nmethods': size=5760Kb used=1849Kb max_used=1900Kb free=3910Kb
 bounds [0x000001bed4b60000, 0x000001bed4dd0000, 0x000001bed5100000]
CodeCache: size=245760Kb, used=14513Kb, max_used=15244Kb, free=231244Kb
 total_blobs=5924, nmethods=5184, adapters=642, full_count=0
Compilation: enabled, stopped_count=0, restarted_count=0

Compilation events (20 events):
Event: 7.541 Thread 0x000001bee70760e0 nmethod 5992 0x000001bed5190c90 code [0x000001bed5190e40, 0x000001bed5191150]
Event: 7.541 Thread 0x000001bee70760e0 5975       4       java.lang.invoke.DirectMethodHandle$Holder::invokeSpecial (15 bytes)
Event: 7.542 Thread 0x000001bee70760e0 nmethod 5975 0x000001bed51bac90 code [0x000001bed51bae20, 0x000001bed51baf08]
Event: 7.542 Thread 0x000001bee70760e0 6005       4       java.util.ArrayList::isEmpty (13 bytes)
Event: 7.542 Thread 0x000001bee70760e0 nmethod 6005 0x000001bed5354910 code [0x000001bed5354aa0, 0x000001bed5354b38]
Event: 7.544 Thread 0x000001bee2911730 nmethod 6007% 0x000001bed5338c10 code [0x000001bed5338dc0, 0x000001bed5339110]
Event: 7.576 Thread 0x000001bee2911730 6008       4       java.util.Collections$SetFromMap::remove (19 bytes)
Event: 7.580 Thread 0x000001bee2946700 6011       3       sun.nio.fs.WindowsPath::equals (28 bytes)
Event: 7.581 Thread 0x000001bee2946700 nmethod 6011 0x000001becd7dcb10 code [0x000001becd7dcd20, 0x000001becd7dd310]
Event: 7.582 Thread 0x000001bee70760e0 6012       4       java.lang.Math::clamp (49 bytes)
Event: 7.582 Thread 0x000001bee70760e0 nmethod 6012 0x000001bed521b790 code [0x000001bed521b920, 0x000001bed521b9c8]
Event: 7.584 Thread 0x000001bee2911730 nmethod 6008 0x000001bed51cfc10 code [0x000001bed51cfe00, 0x000001bed51d0438]
Event: 7.587 Thread 0x000001bee2911730 6013       4       java.util.jar.JarFile::getManifest (5 bytes)
Event: 7.588 Thread 0x000001bee2911730 nmethod 6013 0x000001bed5197610 code [0x000001bed51977a0, 0x000001bed5197850]
Event: 7.605 Thread 0x000001bee2911730 6014       4       java.net.URLClassLoader$1::run (5 bytes)
Event: 7.606 Thread 0x000001bee70760e0 6015   !   4       java.net.URLClassLoader$1::run (81 bytes)
Event: 7.608 Thread 0x000001bee2946700 6016       3       com.google.common.collect.Iterators$ConcatenatedIterator::hasNext (164 bytes)
Event: 7.609 Thread 0x000001bee2946700 nmethod 6016 0x000001becdbf6310 code [0x000001becdbf6600, 0x000001becdbf7920]
Event: 7.610 Thread 0x000001bee2946700 6018       3       java.util.LinkedHashMap::keysToArray (7 bytes)
Event: 7.610 Thread 0x000001bee2946700 nmethod 6018 0x000001becd7caf10 code [0x000001becd7cb0c0, 0x000001becd7cb200]

GC Heap History (20 events):
Event: 2.679 GC heap before
{Heap before GC invocations=4 (full 0):
 garbage-first heap   total 71680K, used 70261K [0x0000000080000000, 0x0000000100000000)
  region size 1024K, 58 young (59392K), 9 survivors (9216K)
 Metaspace       used 29302K, committed 29760K, reserved 1114112K
  class space    used 3795K, committed 4032K, reserved 1048576K
}
Event: 2.686 GC heap after
{Heap after GC invocations=5 (full 0):
 garbage-first heap   total 83968K, used 22937K [0x0000000080000000, 0x0000000100000000)
  region size 1024K, 12 young (12288K), 12 survivors (12288K)
 Metaspace       used 29302K, committed 29760K, reserved 1114112K
  class space    used 3795K, committed 4032K, reserved 1048576K
}
Event: 3.523 GC heap before
{Heap before GC invocations=5 (full 0):
 garbage-first heap   total 83968K, used 61849K [0x0000000080000000, 0x0000000100000000)
  region size 1024K, 49 young (50176K), 12 survivors (12288K)
 Metaspace       used 35141K, committed 35840K, reserved 1114112K
  class space    used 4644K, committed 4992K, reserved 1048576K
}
Event: 3.530 GC heap after
{Heap after GC invocations=6 (full 0):
 garbage-first heap   total 83968K, used 24841K [0x0000000080000000, 0x0000000100000000)
  region size 1024K, 6 young (6144K), 6 survivors (6144K)
 Metaspace       used 35141K, committed 35840K, reserved 1114112K
  class space    used 4644K, committed 4992K, reserved 1048576K
}
Event: 3.553 GC heap before
{Heap before GC invocations=6 (full 0):
 garbage-first heap   total 83968K, used 25865K [0x0000000080000000, 0x0000000100000000)
  region size 1024K, 8 young (8192K), 6 survivors (6144K)
 Metaspace       used 35309K, committed 35968K, reserved 1114112K
  class space    used 4669K, committed 4992K, reserved 1048576K
}
Event: 3.557 GC heap after
{Heap after GC invocations=7 (full 0):
 garbage-first heap   total 83968K, used 25420K [0x0000000080000000, 0x0000000100000000)
  region size 1024K, 3 young (3072K), 3 survivors (3072K)
 Metaspace       used 35309K, committed 35968K, reserved 1114112K
  class space    used 4669K, committed 4992K, reserved 1048576K
}
Event: 4.193 GC heap before
{Heap before GC invocations=8 (full 0):
 garbage-first heap   total 83968K, used 78668K [0x0000000080000000, 0x0000000100000000)
  region size 1024K, 42 young (43008K), 3 survivors (3072K)
 Metaspace       used 39461K, committed 40448K, reserved 1114112K
  class space    used 5421K, committed 5952K, reserved 1048576K
}
Event: 4.199 GC heap after
{Heap after GC invocations=9 (full 0):
 garbage-first heap   total 92160K, used 48600K [0x0000000080000000, 0x0000000100000000)
  region size 1024K, 6 young (6144K), 6 survivors (6144K)
 Metaspace       used 39461K, committed 40448K, reserved 1114112K
  class space    used 5421K, committed 5952K, reserved 1048576K
}
Event: 4.567 GC heap before
{Heap before GC invocations=10 (full 0):
 garbage-first heap   total 92160K, used 78296K [0x0000000080000000, 0x0000000100000000)
  region size 1024K, 34 young (34816K), 6 survivors (6144K)
 Metaspace       used 43042K, committed 44160K, reserved 1114112K
  class space    used 5981K, committed 6528K, reserved 1048576K
}
Event: 4.570 GC heap after
{Heap after GC invocations=11 (full 0):
 garbage-first heap   total 92160K, used 52058K [0x0000000080000000, 0x0000000100000000)
  region size 1024K, 3 young (3072K), 3 survivors (3072K)
 Metaspace       used 43042K, committed 44160K, reserved 1114112K
  class space    used 5981K, committed 6528K, reserved 1048576K
}
Event: 5.076 GC heap before
{Heap before GC invocations=11 (full 0):
 garbage-first heap   total 92160K, used 78682K [0x0000000080000000, 0x0000000100000000)
  region size 1024K, 29 young (29696K), 3 survivors (3072K)
 Metaspace       used 46275K, committed 47616K, reserved 1114112K
  class space    used 6560K, committed 7232K, reserved 1048576K
}
Event: 5.079 GC heap after
{Heap after GC invocations=12 (full 0):
 garbage-first heap   total 92160K, used 53260K [0x0000000080000000, 0x0000000100000000)
  region size 1024K, 2 young (2048K), 2 survivors (2048K)
 Metaspace       used 46275K, committed 47616K, reserved 1114112K
  class space    used 6560K, committed 7232K, reserved 1048576K
}
Event: 5.556 GC heap before
{Heap before GC invocations=12 (full 0):
 garbage-first heap   total 92160K, used 78860K [0x0000000080000000, 0x0000000100000000)
  region size 1024K, 28 young (28672K), 2 survivors (2048K)
 Metaspace       used 50811K, committed 52224K, reserved 1114112K
  class space    used 7091K, committed 7808K, reserved 1048576K
}
Event: 5.560 GC heap after
{Heap after GC invocations=13 (full 0):
 garbage-first heap   total 92160K, used 56026K [0x0000000080000000, 0x0000000100000000)
  region size 1024K, 4 young (4096K), 4 survivors (4096K)
 Metaspace       used 50811K, committed 52224K, reserved 1114112K
  class space    used 7091K, committed 7808K, reserved 1048576K
}
Event: 6.149 GC heap before
{Heap before GC invocations=14 (full 0):
 garbage-first heap   total 94208K, used 81626K [0x0000000080000000, 0x0000000100000000)
  region size 1024K, 29 young (29696K), 4 survivors (4096K)
 Metaspace       used 54059K, committed 55616K, reserved 1114112K
  class space    used 7613K, committed 8384K, reserved 1048576K
}
Event: 6.154 GC heap after
{Heap after GC invocations=15 (full 0):
 garbage-first heap   total 94208K, used 58432K [0x0000000080000000, 0x0000000100000000)
  region size 1024K, 3 young (3072K), 3 survivors (3072K)
 Metaspace       used 54059K, committed 55616K, reserved 1114112K
  class space    used 7613K, committed 8384K, reserved 1048576K
}
Event: 6.723 GC heap before
{Heap before GC invocations=15 (full 0):
 garbage-first heap   total 94208K, used 83008K [0x0000000080000000, 0x0000000100000000)
  region size 1024K, 28 young (28672K), 3 survivors (3072K)
 Metaspace       used 56895K, committed 58496K, reserved 1114112K
  class space    used 8113K, committed 8896K, reserved 1048576K
}
Event: 6.728 GC heap after
{Heap after GC invocations=16 (full 0):
 garbage-first heap   total 94208K, used 59618K [0x0000000080000000, 0x0000000100000000)
  region size 1024K, 2 young (2048K), 2 survivors (2048K)
 Metaspace       used 56895K, committed 58496K, reserved 1114112K
  class space    used 8113K, committed 8896K, reserved 1048576K
}
Event: 7.313 GC heap before
{Heap before GC invocations=16 (full 0):
 garbage-first heap   total 94208K, used 84194K [0x0000000080000000, 0x0000000100000000)
  region size 1024K, 27 young (27648K), 2 survivors (2048K)
 Metaspace       used 57771K, committed 59392K, reserved 1114112K
  class space    used 8204K, committed 8960K, reserved 1048576K
}
Event: 7.317 GC heap after
{Heap after GC invocations=17 (full 0):
 garbage-first heap   total 94208K, used 64266K [0x0000000080000000, 0x0000000100000000)
  region size 1024K, 4 young (4096K), 4 survivors (4096K)
 Metaspace       used 57771K, committed 59392K, reserved 1114112K
  class space    used 8204K, committed 8960K, reserved 1048576K
}

Dll operation events (3 events):
Event: 0.010 Loaded shared library C:\Program Files\Android\Android Studio\jbr\bin\java.dll
Event: 0.016 Loaded shared library C:\Program Files\Android\Android Studio\jbr\bin\zip.dll
Event: 0.520 Loaded shared library C:\Program Files\Android\Android Studio\jbr\bin\verify.dll

Deoptimization events (20 events):
Event: 7.548 Thread 0x000001bee8e91f00 Uncommon trap: trap_request=0xffffffbe fr.pc=0x000001bed5226770 relative=0x0000000000000370
Event: 7.548 Thread 0x000001bee8e91f00 Uncommon trap: reason=profile_predicate action=maybe_recompile pc=0x000001bed5226770 method=sun.instrument.TransformerManager.transform(Ljava/lang/Module;Ljava/lang/ClassLoader;Ljava/lang/String;Ljava/lang/Class;Ljava/security/ProtectionDomain;[B)[B @ 21 
Event: 7.548 Thread 0x000001bee8e91f00 DEOPT PACKING pc=0x000001bed5226770 sp=0x00000049b70f5dd0
Event: 7.548 Thread 0x000001bee8e91f00 DEOPT UNPACKING pc=0x000001bed4bb43a2 sp=0x00000049b70f5ca0 mode 2
Event: 7.549 Thread 0x000001bee8e91f00 Uncommon trap: trap_request=0xffffffbe fr.pc=0x000001bed5226770 relative=0x0000000000000370
Event: 7.549 Thread 0x000001bee8e91f00 Uncommon trap: reason=profile_predicate action=maybe_recompile pc=0x000001bed5226770 method=sun.instrument.TransformerManager.transform(Ljava/lang/Module;Ljava/lang/ClassLoader;Ljava/lang/String;Ljava/lang/Class;Ljava/security/ProtectionDomain;[B)[B @ 21 
Event: 7.549 Thread 0x000001bee8e91f00 DEOPT PACKING pc=0x000001bed5226770 sp=0x00000049b70f5dc0
Event: 7.549 Thread 0x000001bee8e91f00 DEOPT UNPACKING pc=0x000001bed4bb43a2 sp=0x00000049b70f5c90 mode 2
Event: 7.551 Thread 0x000001bee8e91f00 Uncommon trap: trap_request=0xffffffbe fr.pc=0x000001bed51bb55c relative=0x00000000000002fc
Event: 7.551 Thread 0x000001bee8e91f00 Uncommon trap: reason=profile_predicate action=maybe_recompile pc=0x000001bed51bb55c method=sun.instrument.TransformerManager.transform(Ljava/lang/Module;Ljava/lang/ClassLoader;Ljava/lang/String;Ljava/lang/Class;Ljava/security/ProtectionDomain;[B)[B @ 21 
Event: 7.551 Thread 0x000001bee8e91f00 DEOPT PACKING pc=0x000001bed51bb55c sp=0x00000049b70f5d10
Event: 7.551 Thread 0x000001bee8e91f00 DEOPT UNPACKING pc=0x000001bed4bb43a2 sp=0x00000049b70f5cc8 mode 2
Event: 7.608 Thread 0x000001bee8e91f00 Uncommon trap: trap_request=0xffffffc6 fr.pc=0x000001bed52c692c relative=0x00000000000000ec
Event: 7.608 Thread 0x000001bee8e91f00 Uncommon trap: reason=bimorphic_or_optimized_type_check action=maybe_recompile pc=0x000001bed52c692c method=com.google.common.collect.AbstractIndexedListIterator.next()Ljava/lang/Object; @ 27 c2
Event: 7.608 Thread 0x000001bee8e91f00 DEOPT PACKING pc=0x000001bed52c692c sp=0x00000049b70f7660
Event: 7.608 Thread 0x000001bee8e91f00 DEOPT UNPACKING pc=0x000001bed4bb43a2 sp=0x00000049b70f75f8 mode 2
Event: 7.608 Thread 0x000001bee8e91f00 Uncommon trap: trap_request=0xffffffc6 fr.pc=0x000001bed52c692c relative=0x00000000000000ec
Event: 7.608 Thread 0x000001bee8e91f00 Uncommon trap: reason=bimorphic_or_optimized_type_check action=maybe_recompile pc=0x000001bed52c692c method=com.google.common.collect.AbstractIndexedListIterator.next()Ljava/lang/Object; @ 27 c2
Event: 7.608 Thread 0x000001bee8e91f00 DEOPT PACKING pc=0x000001bed52c692c sp=0x00000049b70f7660
Event: 7.608 Thread 0x000001bee8e91f00 DEOPT UNPACKING pc=0x000001bed4bb43a2 sp=0x00000049b70f75f8 mode 2

Classes loaded (20 events):
Event: 7.252 Loading class java/lang/ClassCustomizer
Event: 7.252 Loading class java/lang/ClassCustomizer done
Event: 7.257 Loading class jdk/internal/vm/annotation/ForceInline
Event: 7.257 Loading class jdk/internal/vm/annotation/ForceInline done
Event: 7.261 Loading class java/lang/reflect/Executable$ParameterData
Event: 7.262 Loading class java/lang/reflect/Executable$ParameterData done
Event: 7.294 Loading class java/lang/invoke/BoundMethodHandle$Species_LLLI
Event: 7.294 Loading class java/lang/invoke/BoundMethodHandle$Species_LLLI done
Event: 7.295 Loading class java/lang/invoke/BoundMethodHandle$Species_LLLIL
Event: 7.295 Loading class java/lang/invoke/BoundMethodHandle$Species_LLLIL done
Event: 7.296 Loading class java/lang/invoke/BoundMethodHandle$Species_LLLILL
Event: 7.296 Loading class java/lang/invoke/BoundMethodHandle$Species_LLLILL done
Event: 7.504 Loading class java/nio/file/AccessMode
Event: 7.504 Loading class java/nio/file/AccessMode done
Event: 7.519 Loading class java/util/Collections$SynchronizedRandomAccessList
Event: 7.519 Loading class java/util/Collections$SynchronizedList
Event: 7.519 Loading class java/util/Collections$SynchronizedList done
Event: 7.519 Loading class java/util/Collections$SynchronizedRandomAccessList done
Event: 7.602 Loading class java/nio/file/FileSystemLoopException
Event: 7.602 Loading class java/nio/file/FileSystemLoopException done

Classes unloaded (0 events):
No events

Classes redefined (0 events):
No events

Internal exceptions (20 events):
Event: 7.306 Thread 0x000001bee8e91f00 Exception <a 'java/lang/ClassNotFoundException'{0x0000000083e8d2c0}: com/intellij/gradle/toolingExtension/impl/modelBuilder/ExtraModelBuilderBeanInfo> (0x0000000083e8d2c0) 
thrown [s\src\hotspot\share\classfile\systemDictionary.cpp, line 312]
Event: 7.306 Thread 0x000001bee8e91f00 Exception <a 'sun/nio/fs/WindowsException'{0x0000000083e98f78}> (0x0000000083e98f78) 
thrown [s\src\hotspot\share\prims\jni.cpp, line 537]
Event: 7.306 Thread 0x000001bee8e91f00 Exception <a 'java/lang/ClassNotFoundException'{0x0000000083e9c160}: com/intellij/gradle/toolingExtension/impl/modelBuilder/ExtraModelBuilderCustomizer> (0x0000000083e9c160) 
thrown [s\src\hotspot\share\classfile\systemDictionary.cpp, line 312]
Event: 7.458 Thread 0x000001bee8e91f00 Exception <a 'sun/nio/fs/WindowsException'{0x000000008c7c14c8}> (0x000000008c7c14c8) 
thrown [s\src\hotspot\share\prims\jni.cpp, line 537]
Event: 7.459 Thread 0x000001bee8e91f00 Exception <a 'sun/nio/fs/WindowsException'{0x000000008c7c3338}> (0x000000008c7c3338) 
thrown [s\src\hotspot\share\prims\jni.cpp, line 537]
Event: 7.498 Thread 0x000001bee8e91f00 Exception <a 'java/lang/IncompatibleClassChangeError'{0x000000008c55bf98}: Found class java.lang.Object, but interface was expected> (0x000000008c55bf98) 
thrown [s\src\hotspot\share\interpreter\linkResolver.cpp, line 851]
Event: 7.504 Thread 0x000001bee8e91f00 Exception <a 'sun/nio/fs/WindowsException'{0x000000008c57dfd0}> (0x000000008c57dfd0) 
thrown [s\src\hotspot\share\prims\jni.cpp, line 537]
Event: 7.505 Thread 0x000001bee8e91f00 Exception <a 'sun/nio/fs/WindowsException'{0x000000008c57ffe0}> (0x000000008c57ffe0) 
thrown [s\src\hotspot\share\prims\jni.cpp, line 537]
Event: 7.506 Thread 0x000001bee8e91f00 Exception <a 'sun/nio/fs/WindowsException'{0x000000008c581a88}> (0x000000008c581a88) 
thrown [s\src\hotspot\share\prims\jni.cpp, line 537]
Event: 7.507 Thread 0x000001bee8e91f00 Exception <a 'sun/nio/fs/WindowsException'{0x000000008c583148}> (0x000000008c583148) 
thrown [s\src\hotspot\share\prims\jni.cpp, line 537]
Event: 7.510 Thread 0x000001bee8e91f00 Exception <a 'java/lang/NoSuchMethodError'{0x000000008c59c7b0}: 'java.lang.Object java.lang.invoke.Invokers$Holder.invoker(java.lang.Object, java.lang.Object, java.lang.Object, java.lang.Object, java.lang.Object, java.lang.Object)'> (0x000000008c59c7b0) 
thrown [s\src\hotspot\share\interpreter\linkResolver.cpp, line 784]
Event: 7.531 Thread 0x000001bee8e91f00 Exception <a 'java/lang/NoSuchMethodError'{0x000000008c43d610}: 'java.lang.Object java.lang.invoke.Invokers$Holder.invoker(java.lang.Object, java.lang.Object, java.lang.Object, java.lang.Object, java.lang.Object, java.lang.Object, java.lang.Object, java.lang.Object, java.lang.Object, java.lang.Object, java.lang.Object, java.lang.Object, java.lang.Object, java.lang.Object, java.lang.Object, java.lang.Object, java.lang.Object, java.lang.Object, java.lang.Object, java.lang.Object, java.lang.Object, java.lang.
Event: 7.532 Thread 0x000001bee8e91f00 Exception <a 'java/lang/NoSuchMethodError'{0x000000008c444858}: 'java.lang.Object java.lang.invoke.DelegatingMethodHandle$Holder.delegate(java.lang.Object, java.lang.Object, java.lang.Object, java.lang.Object, java.lang.Object, java.lang.Object, java.lang.Object, java.lang.Object, java.lang.Object, java.lang.Object, java.lang.Object, java.lang.Object, java.lang.Object, java.lang.Object, java.lang.Object, java.lang.Object, java.lang.Object, java.lang.Object, java.lang.Object, java.lang.Object, java.lang.Obj
Event: 7.544 Thread 0x000001bee8e91f00 Exception <a 'sun/nio/fs/WindowsException'{0x000000008c340b70}> (0x000000008c340b70) 
thrown [s\src\hotspot\share\prims\jni.cpp, line 537]
Event: 7.544 Thread 0x000001bee8e91f00 Exception <a 'sun/nio/fs/WindowsException'{0x000000008c342c90}> (0x000000008c342c90) 
thrown [s\src\hotspot\share\prims\jni.cpp, line 537]
Event: 7.553 Thread 0x000001bee8e91f00 Exception <a 'sun/nio/fs/WindowsException'{0x000000008c397cd0}> (0x000000008c397cd0) 
thrown [s\src\hotspot\share\prims\jni.cpp, line 537]
Event: 7.554 Thread 0x000001bee8e91f00 Exception <a 'sun/nio/fs/WindowsException'{0x000000008c399df0}> (0x000000008c399df0) 
thrown [s\src\hotspot\share\prims\jni.cpp, line 537]
Event: 7.579 Thread 0x000001bee8e91f00 Exception <a 'java/lang/NoSuchMethodError'{0x00000000859b75e8}: 'java.lang.Object java.lang.invoke.DirectMethodHandle$Holder.newInvokeSpecial(java.lang.Object, java.lang.Object, java.lang.Object, java.lang.Object, java.lang.Object, java.lang.Object, int)'> (0x00000000859b75e8) 
thrown [s\src\hotspot\share\interpreter\linkResolver.cpp, line 784]
Event: 7.579 Thread 0x000001bee8e91f00 Exception <a 'java/lang/NoSuchMethodError'{0x00000000859bc758}: 'java.lang.Object java.lang.invoke.DirectMethodHandle$Holder.invokeSpecial(java.lang.Object, java.lang.Object, java.lang.Object, java.lang.Object, java.lang.Object, java.lang.Object, java.lang.Object, int)'> (0x00000000859bc758) 
thrown [s\src\hotspot\share\interpreter\linkResolver.cpp, line 784]
Event: 7.580 Thread 0x000001bee8e91f00 Exception <a 'java/lang/NoSuchMethodError'{0x00000000859c0c38}: 'java.lang.Object java.lang.invoke.Invokers$Holder.linkToTargetMethod(java.lang.Object, java.lang.Object, java.lang.Object, java.lang.Object, java.lang.Object, int, java.lang.Object)'> (0x00000000859c0c38) 
thrown [s\src\hotspot\share\interpreter\linkResolver.cpp, line 784]

ZGC Phase Switch (0 events):
No events

VM Operations (20 events):
Event: 5.587 Executing safepoint VM operation: G1PauseCleanup
Event: 5.588 Executing safepoint VM operation: G1PauseCleanup done
Event: 5.922 Executing non-safepoint VM operation: HandshakeAllThreads (Deoptimize)
Event: 5.922 Executing non-safepoint VM operation: HandshakeAllThreads (Deoptimize) done
Event: 6.024 Executing non-safepoint VM operation: HandshakeAllThreads (Deoptimize)
Event: 6.025 Executing non-safepoint VM operation: HandshakeAllThreads (Deoptimize) done
Event: 6.033 Executing non-safepoint VM operation: HandshakeAllThreads (Deoptimize)
Event: 6.033 Executing non-safepoint VM operation: HandshakeAllThreads (Deoptimize) done
Event: 6.149 Executing safepoint VM operation: G1CollectForAllocation (G1 Evacuation Pause)
Event: 6.154 Executing safepoint VM operation: G1CollectForAllocation (G1 Evacuation Pause) done
Event: 6.723 Executing safepoint VM operation: G1CollectForAllocation (G1 Evacuation Pause)
Event: 6.728 Executing safepoint VM operation: G1CollectForAllocation (G1 Evacuation Pause) done
Event: 7.083 Executing safepoint VM operation: ICBufferFull
Event: 7.084 Executing safepoint VM operation: ICBufferFull done
Event: 7.313 Executing safepoint VM operation: G1CollectForAllocation (G1 Evacuation Pause)
Event: 7.317 Executing safepoint VM operation: G1CollectForAllocation (G1 Evacuation Pause) done
Event: 7.340 Executing safepoint VM operation: G1PauseRemark
Event: 7.342 Executing safepoint VM operation: G1PauseRemark done
Event: 7.350 Executing safepoint VM operation: G1PauseCleanup
Event: 7.350 Executing safepoint VM operation: G1PauseCleanup done

Memory protections (0 events):
No events

Nmethod flushes (20 events):
Event: 7.342 Thread 0x000001bee287cf50 flushing  nmethod 0x000001becdb3e810
Event: 7.342 Thread 0x000001bee287cf50 flushing  nmethod 0x000001becdb3f910
Event: 7.342 Thread 0x000001bee287cf50 flushing  nmethod 0x000001becdb45110
Event: 7.342 Thread 0x000001bee287cf50 flushing  nmethod 0x000001becdb9cf90
Event: 7.342 Thread 0x000001bee287cf50 flushing  nmethod 0x000001becdc48490
Event: 7.342 Thread 0x000001bee287cf50 flushing  nmethod 0x000001becdc48b10
Event: 7.342 Thread 0x000001bee287cf50 flushing  nmethod 0x000001becddaa290
Event: 7.342 Thread 0x000001bee287cf50 flushing  nmethod 0x000001becddb0390
Event: 7.342 Thread 0x000001bee287cf50 flushing  nmethod 0x000001bed51f1590
Event: 7.342 Thread 0x000001bee287cf50 flushing  nmethod 0x000001bed5342910
Event: 7.342 Thread 0x000001bee287cf50 flushing  nmethod 0x000001becd635990
Event: 7.342 Thread 0x000001bee287cf50 flushing  nmethod 0x000001becd636110
Event: 7.342 Thread 0x000001bee287cf50 flushing  nmethod 0x000001becd692c90
Event: 7.342 Thread 0x000001bee287cf50 flushing  nmethod 0x000001becd738c90
Event: 7.342 Thread 0x000001bee287cf50 flushing  nmethod 0x000001becd795090
Event: 7.342 Thread 0x000001bee287cf50 flushing  nmethod 0x000001becd7ef590
Event: 7.342 Thread 0x000001bee287cf50 flushing  nmethod 0x000001becd860f90
Event: 7.342 Thread 0x000001bee287cf50 flushing  nmethod 0x000001becd8add90
Event: 7.342 Thread 0x000001bee287cf50 flushing  nmethod 0x000001becd98db90
Event: 7.342 Thread 0x000001bee287cf50 flushing  nmethod 0x000001becda3ba10

Events (20 events):
Event: 3.919 Thread 0x000001bee8e91f00 Thread added: 0x000001beed8a1020
Event: 4.409 Thread 0x000001bee8e91f00 Thread added: 0x000001beed8a1d40
Event: 4.475 Thread 0x000001bee8e91f00 Thread added: 0x000001beece3e540
Event: 4.732 Thread 0x000001bee8e91f00 Thread added: 0x000001beece3f260
Event: 4.807 Thread 0x000001bee8e91f00 Thread added: 0x000001beece3d820
Event: 6.612 Thread 0x000001bee8e91f00 Thread added: 0x000001beece3c470
Event: 6.613 Thread 0x000001bee8e91f00 Thread added: 0x000001beece3cb00
Event: 6.700 Thread 0x000001bee8e91f00 Thread added: 0x000001beece3ebd0
Event: 6.701 Thread 0x000001bee8e91f00 Thread added: 0x000001beece3bde0
Event: 6.971 Thread 0x000001bee8e91f00 Thread added: 0x000001beece3f8f0
Event: 6.972 Thread 0x000001bee8e91f00 Thread added: 0x000001beece3ff80
Event: 6.973 Thread 0x000001bee8e91f00 Thread added: 0x000001beece40610
Event: 6.974 Thread 0x000001bee8e91f00 Thread added: 0x000001beece3d190
Event: 6.984 Thread 0x000001bee8e91f00 Thread added: 0x000001beece419c0
Event: 6.987 Thread 0x000001bee8e91f00 Thread added: 0x000001beece40ca0
Event: 6.990 Thread 0x000001bee8e91f00 Thread added: 0x000001beece42050
Event: 6.991 Thread 0x000001bee8e91f00 Thread added: 0x000001beece41330
Event: 7.450 Thread 0x000001beeb2dc230 Thread exited: 0x000001beeb2dc230
Event: 7.451 Thread 0x000001bee70760e0 Thread exited: 0x000001bee70760e0
Event: 7.538 Thread 0x000001bee2911730 Thread added: 0x000001bee70760e0


Dynamic libraries:
0x00007ff70bb30000 - 0x00007ff70bb3a000 	C:\Program Files\Android\Android Studio\jbr\bin\java.exe
0x00007fff017a0000 - 0x00007fff01a06000 	C:\WINDOWS\SYSTEM32\ntdll.dll
0x00007ffeffca0000 - 0x00007ffeffd69000 	C:\WINDOWS\System32\KERNEL32.DLL
0x00007ffefeae0000 - 0x00007ffefeeda000 	C:\WINDOWS\System32\KERNELBASE.dll
0x00007ffefeee0000 - 0x00007ffeff02c000 	C:\WINDOWS\System32\ucrtbase.dll
0x00007ffee8f20000 - 0x00007ffee8f3b000 	C:\Program Files\Android\Android Studio\jbr\bin\VCRUNTIME140.dll
0x00007ffeda3e0000 - 0x00007ffeda3f8000 	C:\Program Files\Android\Android Studio\jbr\bin\jli.dll
0x00007fff010b0000 - 0x00007fff01277000 	C:\WINDOWS\System32\USER32.dll
0x00007ffeff030000 - 0x00007ffeff057000 	C:\WINDOWS\System32\win32u.dll
0x00007fff01290000 - 0x00007fff012bb000 	C:\WINDOWS\System32\GDI32.dll
0x00007ffee0750000 - 0x00007ffee09e2000 	C:\WINDOWS\WinSxS\amd64_microsoft.windows.common-controls_6595b64144ccf1df_6.0.26100.8521_none_3e08b75ce33403b3\COMCTL32.dll
0x00007ffeff060000 - 0x00007ffeff18b000 	C:\WINDOWS\System32\gdi32full.dll
0x00007ffeffd70000 - 0x00007ffeffe19000 	C:\WINDOWS\System32\msvcrt.dll
0x00007ffefea30000 - 0x00007ffefead3000 	C:\WINDOWS\System32\msvcp_win.dll
0x00007fff01500000 - 0x00007fff01532000 	C:\WINDOWS\System32\IMM32.DLL
0x00007ffee4470000 - 0x00007ffee4562000 	C:\Program Files\Windhawk\Engine\1.7.3\64\windhawk.dll
0x00007fff00760000 - 0x00007fff00816000 	C:\WINDOWS\System32\ADVAPI32.dll
0x00007fff016b0000 - 0x00007fff0175a000 	C:\WINDOWS\System32\sechost.dll
0x00007fff00d50000 - 0x00007fff00e68000 	C:\WINDOWS\System32\RPCRT4.dll
0x00007ffee8f10000 - 0x00007ffee8f1c000 	C:\Program Files\Android\Android Studio\jbr\bin\vcruntime140_1.dll
0x00007ffea3d50000 - 0x00007ffea3ddd000 	C:\Program Files\Android\Android Studio\jbr\bin\msvcp140.dll
0x00007ffe86970000 - 0x00007ffe87606000 	C:\Program Files\Android\Android Studio\jbr\bin\server\jvm.dll
0x00007fff005b0000 - 0x00007fff00630000 	C:\WINDOWS\System32\WS2_32.dll
0x00007ffefe6e0000 - 0x00007ffefe73e000 	C:\WINDOWS\SYSTEM32\POWRPROF.dll
0x00007ffef8390000 - 0x00007ffef839b000 	C:\WINDOWS\SYSTEM32\VERSION.dll
0x00007ffef17e0000 - 0x00007ffef1816000 	C:\WINDOWS\SYSTEM32\WINMM.dll
0x00007ffefe6c0000 - 0x00007ffefe6d4000 	C:\WINDOWS\SYSTEM32\UMPDC.dll
0x00007ffefd7c0000 - 0x00007ffefd7db000 	C:\WINDOWS\SYSTEM32\kernel.appcore.dll
0x00007ffee8d90000 - 0x00007ffee8d9a000 	C:\Program Files\Android\Android Studio\jbr\bin\jimage.dll
0x00007ffee9860000 - 0x00007ffee9aa2000 	C:\WINDOWS\SYSTEM32\DBGHELP.DLL
0x00007fff009c0000 - 0x00007fff00d43000 	C:\WINDOWS\System32\combase.dll
0x00007ffeff5a0000 - 0x00007ffeff679000 	C:\WINDOWS\System32\OLEAUT32.dll
0x00007ffefbb90000 - 0x00007ffefbbcb000 	C:\WINDOWS\SYSTEM32\dbgcore.DLL
0x00007ffeff310000 - 0x00007ffeff3b8000 	C:\WINDOWS\System32\bcryptPrimitives.dll
0x00007ffee2cc0000 - 0x00007ffee2cce000 	C:\Program Files\Android\Android Studio\jbr\bin\instrument.dll
0x00007ffee8540000 - 0x00007ffee8560000 	C:\Program Files\Android\Android Studio\jbr\bin\java.dll
0x00007ffee8520000 - 0x00007ffee8538000 	C:\Program Files\Android\Android Studio\jbr\bin\zip.dll
0x00007ffeffe20000 - 0x00007fff005a4000 	C:\WINDOWS\System32\SHELL32.dll
0x00007ffefc630000 - 0x00007ffefceb0000 	C:\WINDOWS\SYSTEM32\windows.storage.dll
0x00007fff00640000 - 0x00007fff00736000 	C:\WINDOWS\System32\SHCORE.dll
0x00007fff01430000 - 0x00007fff01497000 	C:\WINDOWS\System32\shlwapi.dll
0x00007ffefe950000 - 0x00007ffefe979000 	C:\WINDOWS\SYSTEM32\profapi.dll
0x00007ffee8cc0000 - 0x00007ffee8cd0000 	C:\Program Files\Android\Android Studio\jbr\bin\net.dll
0x00007ffef7c30000 - 0x00007ffef7d59000 	C:\WINDOWS\SYSTEM32\WINHTTP.dll
0x00007ffefdd30000 - 0x00007ffefdd9c000 	C:\WINDOWS\system32\mswsock.dll
0x00007ffee8500000 - 0x00007ffee8516000 	C:\Program Files\Android\Android Studio\jbr\bin\nio.dll
0x00007ffee8090000 - 0x00007ffee80a0000 	C:\Program Files\Android\Android Studio\jbr\bin\verify.dll
0x00007ffecfb00000 - 0x00007ffecfb27000 	C:\Users\gabov\.gradle\native\660c5614fbf4a5f2a75b1949f50a0caf5cd603558e7d8a26e50b933a0cfb79d1\windows-amd64\native-platform.dll
0x00007ffea44e0000 - 0x00007ffea4557000 	C:\Users\gabov\.gradle\native\0.2.8\x86_64-windows-gnu\gradle-fileevents.dll
0x00007ffee84f0000 - 0x00007ffee84f9000 	C:\Program Files\Android\Android Studio\jbr\bin\management.dll
0x00007ffee8440000 - 0x00007ffee844b000 	C:\Program Files\Android\Android Studio\jbr\bin\management_ext.dll
0x00007ffeffc10000 - 0x00007ffeffc18000 	C:\WINDOWS\System32\PSAPI.DLL
0x00007ffefd1c0000 - 0x00007ffefd1f3000 	C:\WINDOWS\SYSTEM32\IPHLPAPI.DLL
0x00007fff01050000 - 0x00007fff0105a000 	C:\WINDOWS\System32\NSI.dll
0x00007ffee8740000 - 0x00007ffee8749000 	C:\Program Files\Android\Android Studio\jbr\bin\extnet.dll
0x00007ffefe010000 - 0x00007ffefe02b000 	C:\WINDOWS\SYSTEM32\CRYPTSP.dll
0x00007ffefd720000 - 0x00007ffefd759000 	C:\WINDOWS\system32\rsaenh.dll
0x00007ffefdde0000 - 0x00007ffefde13000 	C:\WINDOWS\SYSTEM32\USERENV.dll
0x00007ffefe920000 - 0x00007ffefe94a000 	C:\WINDOWS\SYSTEM32\bcrypt.dll
0x00007ffefe030000 - 0x00007ffefe03c000 	C:\WINDOWS\SYSTEM32\CRYPTBASE.dll
0x00007ffec6170000 - 0x00007ffec6178000 	C:\WINDOWS\system32\wshunix.dll

JVMTI agents:
C:\Users\gabov\.gradle\wrapper\dists\gradle-9.4.1-bin\arn2x92ynaizyzdaamcbpbhtj\gradle-9.4.1\lib\agents\gradle-instrumentation-agent-9.4.1.jar path:C:\Program Files\Android\Android Studio\jbr\bin\instrument.dll, loaded, initialized, instrumentlib options:none

dbghelp: loaded successfully - version: 4.0.5 - missing functions: none
symbol engine: initialized successfully - sym options: 0x614 - pdb path: .;C:\Program Files\Android\Android Studio\jbr\bin;C:\WINDOWS\SYSTEM32;C:\WINDOWS\WinSxS\amd64_microsoft.windows.common-controls_6595b64144ccf1df_6.0.26100.8521_none_3e08b75ce33403b3;C:\Program Files\Windhawk\Engine\1.7.3\64;C:\Program Files\Android\Android Studio\jbr\bin\server;C:\Users\gabov\.gradle\native\660c5614fbf4a5f2a75b1949f50a0caf5cd603558e7d8a26e50b933a0cfb79d1\windows-amd64;C:\Users\gabov\.gradle\native\0.2.8\x86_64-windows-gnu

VM Arguments:
jvm_args: --add-opens=java.base/java.lang=ALL-UNNAMED --add-opens=java.base/java.lang.invoke=ALL-UNNAMED --add-opens=java.base/java.util=ALL-UNNAMED --add-opens=java.prefs/java.util.prefs=ALL-UNNAMED --add-exports=jdk.compiler/com.sun.tools.javac.api=ALL-UNNAMED --add-exports=jdk.compiler/com.sun.tools.javac.util=ALL-UNNAMED --add-opens=java.base/java.util=ALL-UNNAMED --add-opens=java.prefs/java.util.prefs=ALL-UNNAMED --add-opens=java.base/java.nio.charset=ALL-UNNAMED --add-opens=java.base/java.net=ALL-UNNAMED --add-opens=java.base/java.util.concurrent=ALL-UNNAMED --add-opens=java.base/java.util.concurrent.atomic=ALL-UNNAMED --add-opens=java.xml/javax.xml.namespace=ALL-UNNAMED --add-opens=java.base/java.time=ALL-UNNAMED -Xmx2048m -Dfile.encoding=UTF-8 -Duser.country=US -Duser.language=en -Duser.variant -javaagent:C:\Users\gabov\.gradle\wrapper\dists\gradle-9.4.1-bin\arn2x92ynaizyzdaamcbpbhtj\gradle-9.4.1\lib\agents\gradle-instrumentation-agent-9.4.1.jar 
java_command: org.gradle.launcher.daemon.bootstrap.GradleDaemon 9.4.1
java_class_path (initial): C:\Users\gabov\.gradle\wrapper\dists\gradle-9.4.1-bin\arn2x92ynaizyzdaamcbpbhtj\gradle-9.4.1\lib\gradle-daemon-main-9.4.1.jar
Launcher Type: SUN_STANDARD

[Global flags]
     intx CICompilerCount                          = 4                                         {product} {ergonomic}
     uint ConcGCThreads                            = 3                                         {product} {ergonomic}
     uint G1ConcRefinementThreads                  = 10                                        {product} {ergonomic}
   size_t G1HeapRegionSize                         = 1048576                                   {product} {ergonomic}
    uintx GCDrainStackTargetSize                   = 64                                        {product} {ergonomic}
   size_t InitialHeapSize                          = 268435456                                 {product} {ergonomic}
   size_t MarkStackSize                            = 4194304                                   {product} {ergonomic}
   size_t MaxHeapSize                              = 2147483648                                {product} {command line}
   size_t MaxNewSize                               = 1287651328                                {product} {ergonomic}
   size_t MinHeapDeltaBytes                        = 1048576                                   {product} {ergonomic}
   size_t MinHeapSize                              = 8388608                                   {product} {ergonomic}
    uintx NonNMethodCodeHeapSize                   = 5839372                                {pd product} {ergonomic}
    uintx NonProfiledCodeHeapSize                  = 122909434                              {pd product} {ergonomic}
    uintx ProfiledCodeHeapSize                     = 122909434                              {pd product} {ergonomic}
    uintx ReservedCodeCacheSize                    = 251658240                              {pd product} {ergonomic}
     bool SegmentedCodeCache                       = true                                      {product} {ergonomic}
   size_t SoftMaxHeapSize                          = 2147483648                             {manageable} {ergonomic}
     bool UseCompressedOops                        = true                           {product lp64_product} {ergonomic}
     bool UseG1GC                                  = true                                      {product} {ergonomic}
     bool UseLargePagesIndividualAllocation        = false                                  {pd product} {ergonomic}

Logging:
Log output configuration:
 #0: stdout all=warning uptime,level,tags foldmultilines=false
 #1: stderr all=off uptime,level,tags foldmultilines=false

Release file:
JAVA_VERSION="21.0.10" 
MODULES="java.base java.compiler java.datatransfer java.xml java.prefs java.desktop java.instrument java.logging java.management java.security.sasl java.naming java.rmi java.management.rmi java.net.http java.scripting java.security.jgss java.transaction.xa java.sql java.sql.rowset java.xml.crypto java.se java.smartcardio jdk.accessibility jdk.internal.jvmstat jdk.attach jdk.charsets jdk.internal.opt jdk.zipfs jdk.compiler jdk.crypto.ec jdk.crypto.cryptoki jdk.dynalink jdk.hotspot.agent jdk.httpserver jdk.internal.ed jdk.internal.le jdk.internal.vm.ci jdk.jartool jdk.javadoc jdk.jcmd jdk.jdeps jdk.jdwp.agent jdk.jdi jdk.jfr jdk.jlink jdk.jsobject jdk.localedata jdk.management jdk.management.agent jdk.management.jfr jdk.naming.dns jdk.naming.rmi jdk.net jdk.sctp jdk.security.auth jdk.security.jgss jdk.unsupported jdk.unsupported.desktop jdk.xml.dom" 
IMPLEMENTOR="JetBrains s.r.o." 
JAVA_RUNTIME_VERSION="21.0.10+-14961533-b1163.108" 
LIBC="default" 
OS_ARCH="x86_64" 
OS_NAME="Windows" 
SOURCE=".:git:1351622c2ff2" 

Environment Variables:
PATH=C:\WINDOWS\system32;C:\WINDOWS;C:\WINDOWS\System32\Wbem;C:\WINDOWS\System32\WindowsPowerShell\v1.0\;C:\Program Files\NVIDIA Corporation\NVIDIA App\NvDLISR;C:\Program Files\Git\cmd;C:\Program Files\nodejs\;C:\Users\gabov\AppData\Local\Microsoft\WindowsApps;C:\Users\gabov\AppData\Roaming\npm
USERNAME=gabov
OS=Windows_NT
PROCESSOR_IDENTIFIER=AMD64 Family 23 Model 8 Stepping 2, AuthenticAMD
TMP=C:\Users\gabov\AppData\Local\Temp
TEMP=C:\Users\gabov\AppData\Local\Temp




Periodic native trim disabled

JNI global refs:
JNI global refs: 26, weak refs: 0

JNI global refs memory usage: 835, weak refs: 833

Process memory usage:
Resident Set Size: 293636K (1% of 16705088K total physical memory with 6502488K free physical memory)

OOME stack traces (most recent first):
Classloader memory used:
Loader org.gradle.internal.classloader.VisitableURLClassLoader                         : 28936K
Loader bootstrap                                                                       : 21583K
Loader org.gradle.initialization.MixInLegacyTypesClassLoader                           : 6666K
Loader org.gradle.internal.classloader.VisitableURLClassLoader                         : 767K
Loader org.gradle.internal.classloader.VisitableURLClassLoader$InstrumentingVisitableURLClassLoader: 592K
Loader jdk.internal.reflect.DelegatingClassLoader                                      : 193K
Loader jdk.internal.loader.ClassLoaders$AppClassLoader                                 : 189K
Loader jdk.internal.loader.ClassLoaders$PlatformClassLoader                            : 130K
Loader org.gradle.groovy.scripts.internal.DefaultScriptCompilationHandler$ScriptClassLoader: 93224B

Classes loaded by more than one classloader:
Class org.gradle.internal.IoActions                                                   : loaded 3 times (x 71B)
Class org.gradle.api.Action                                                           : loaded 3 times (x 70B)
Class org.gradle.api.GradleException                                                  : loaded 3 times (x 82B)
Class com.google.common.collect.UnmodifiableListIterator                              : loaded 2 times (x 95B)
Class org.gradle.internal.operations.MultipleBuildOperationFailures                   : loaded 2 times (x 95B)
Class org.gradle.internal.classloader.DefaultClassLoaderFactory                       : loaded 2 times (x 82B)
Class kotlin.collections.AbstractList$Companion                                       : loaded 2 times (x 71B)
Class org.gradle.api.internal.DefaultClassPathProvider                                : loaded 2 times (x 76B)
Class [Lorg.gradle.api.internal.ClassPathProvider;                                    : loaded 2 times (x 69B)
Class org.gradle.api.internal.ClassPathProvider                                       : loaded 2 times (x 70B)
Class org.gradle.internal.service.UnknownServiceException                             : loaded 2 times (x 83B)
Class org.gradle.internal.classpath.TransformedClassPath                              : loaded 2 times (x 96B)
Class org.gradle.internal.classloader.InstrumentingClassLoader                        : loaded 2 times (x 70B)
Class com.google.common.collect.Iterators$ArrayItr                                    : loaded 2 times (x 97B)
Class kotlin.enums.EnumEntriesList                                                    : loaded 2 times (x 223B)
Class com.google.common.collect.UnmodifiableIterator                                  : loaded 2 times (x 80B)
Class org.gradle.internal.service.ServiceLocator                                      : loaded 2 times (x 70B)
Class com.google.common.collect.Iterators$SingletonIterator                           : loaded 2 times (x 81B)
Class com.google.common.collect.Iterators                                             : loaded 2 times (x 71B)
Class com.google.common.collect.Lists$StringAsImmutableList                           : loaded 2 times (x 207B)
Class org.gradle.internal.time.DefaultTimer                                           : loaded 2 times (x 80B)
Class org.gradle.api.internal.classpath.DefaultModuleRegistry$DefaultModule           : loaded 2 times (x 82B)
Class com.google.common.collect.AbstractIterator                                      : loaded 2 times (x 82B)
Class com.google.common.collect.AbstractIndexedListIterator                           : loaded 2 times (x 96B)
Class org.gradle.internal.time.DefaultCountdownTimer                                  : loaded 2 times (x 88B)
Class org.gradle.api.internal.classpath.Module                                        : loaded 2 times (x 70B)
Class org.gradle.api.internal.classpath.UnknownModuleException                        : loaded 2 times (x 82B)
Class org.gradle.api.internal.DefaultClassPathRegistry                                : loaded 2 times (x 76B)
Class org.gradle.internal.classpath.DefaultClassPath$ImmutableUniqueList              : loaded 2 times (x 199B)
Class org.gradle.api.internal.ClassPathRegistry                                       : loaded 2 times (x 70B)
Class org.gradle.internal.classpath.ClassPath                                         : loaded 2 times (x 70B)
Class org.gradle.api.internal.classpath.DefaultModuleRegistry$DefaultModuleAlias      : loaded 2 times (x 80B)
Class com.google.common.collect.Iterators$1                                           : loaded 2 times (x 81B)
Class org.gradle.tooling.model.Model                                                  : loaded 2 times (x 70B)
Class kotlin.UninitializedPropertyAccessException                                     : loaded 2 times (x 82B)
Class org.gradle.internal.classloader.ClassLoaderHierarchy                            : loaded 2 times (x 70B)
Class org.gradle.api.internal.classpath.ModuleRegistry                                : loaded 2 times (x 70B)
Class org.gradle.internal.installation.GradleInstallation$1                           : loaded 2 times (x 75B)
Class com.google.common.collect.Iterators$5                                           : loaded 2 times (x 82B)
Class ijInit1_6nqsdw6sh0stb226nlib2k8jo                                               : loaded 2 times (x 171B)
Class com.google.common.collect.ImmutableCollection                                   : loaded 2 times (x 125B)
Class org.gradle.api.internal.classpath.DefaultModuleRegistry                         : loaded 2 times (x 84B)
Class com.google.common.collect.Lists                                                 : loaded 2 times (x 71B)
Class com.google.common.collect.Iterators$9                                           : loaded 2 times (x 81B)
Class org.gradle.internal.time.MonotonicClock                                         : loaded 2 times (x 77B)
Class org.gradle.internal.service.ServiceLookupException                              : loaded 2 times (x 82B)
Class org.gradle.internal.classloader.ClassLoaderFactory                              : loaded 2 times (x 70B)
Class org.gradle.internal.service.CachingServiceLocator                               : loaded 2 times (x 82B)
Class org.gradle.internal.time.TimeSource                                             : loaded 2 times (x 70B)
Class kotlin.enums.EnumEntries                                                        : loaded 2 times (x 70B)
Class org.gradle.internal.exceptions.ResolutionProvider                               : loaded 2 times (x 70B)
Class org.gradle.internal.classloader.ClasspathUtil                                   : loaded 2 times (x 71B)
Class org.gradle.internal.time.TimeSource$1                                           : loaded 2 times (x 77B)
Class kotlin.jvm.internal.DefaultConstructorMarker                                    : loaded 2 times (x 71B)
Class org.gradle.api.specs.Spec                                                       : loaded 2 times (x 70B)
Class sync_studio_tooling8_1098zgkvr2kk4tads73xmjdyu                                  : loaded 2 times (x 171B)
Class org.gradle.internal.time.Clock                                                  : loaded 2 times (x 70B)
Class kotlin.collections.AbstractList                                                 : loaded 2 times (x 197B)
Class kotlin.collections.AbstractCollection                                           : loaded 2 times (x 117B)
Class org.gradle.internal.classloader.VisitableURLClassLoader$InstrumentingVisitableURLClassLoader: loaded 2 times (x 123B)
Class org.gradle.internal.classloader.VisitableURLClassLoader$Spec                    : loaded 2 times (x 74B)
Class org.gradle.internal.classpath.DefaultClassPath                                  : loaded 2 times (x 90B)
Class org.gradle.util.internal.DefaultGradleVersion                                   : loaded 2 times (x 82B)
Class org.gradle.internal.classloader.ClassLoaderSpec                                 : loaded 2 times (x 71B)
Class org.gradle.api.internal.classpath.Module$ModuleAlias                            : loaded 2 times (x 70B)
Class org.gradle.internal.classloader.VisitableURLClassLoader                         : loaded 2 times (x 117B)
Class org.gradle.internal.classloader.FilteringClassLoader                            : loaded 2 times (x 105B)
Class org.gradle.internal.Cast                                                        : loaded 2 times (x 71B)
Class org.gradle.internal.classpath.DefaultClassPath$ImmutableUniqueList$Builder      : loaded 2 times (x 75B)
Class com.google.common.collect.Iterators$4                                           : loaded 2 times (x 82B)
Class org.gradle.internal.exceptions.NonGradleCauseExceptionsHolder                   : loaded 2 times (x 70B)
Class ijInit1_6nqsdw6sh0stb226nlib2k8jo$_run_closure1                                 : loaded 2 times (x 140B)
Class kotlin.NotImplementedError                                                      : loaded 2 times (x 82B)
Class kotlin.enums.EnumEntriesKt                                                      : loaded 2 times (x 71B)
Class org.gradle.internal.exceptions.MultiCauseException                              : loaded 2 times (x 70B)
Class org.gradle.internal.time.CountdownTimer                                         : loaded 2 times (x 70B)
Class kotlin.jvm.internal.Intrinsics                                                  : loaded 2 times (x 71B)
Class org.gradle.tooling.model.ProjectModel                                           : loaded 2 times (x 70B)
Class kotlin.KotlinNullPointerException                                               : loaded 2 times (x 83B)
Class org.gradle.internal.exceptions.DefaultMultiCauseException                       : loaded 2 times (x 95B)
Class com.google.common.base.Preconditions                                            : loaded 2 times (x 71B)
Class com.google.common.collect.PeekingIterator                                       : loaded 2 times (x 70B)
Class sync_studio_tooling8_1098zgkvr2kk4tads73xmjdyu$_run_closure1                    : loaded 2 times (x 139B)
Class org.gradle.internal.time.Time                                                   : loaded 2 times (x 71B)
Class kotlin.NoWhenBranchMatchedException                                             : loaded 2 times (x 82B)
Class org.gradle.internal.time.Timer                                                  : loaded 2 times (x 70B)
Class kotlin.jvm.internal.markers.KMappedMarker                                       : loaded 2 times (x 70B)
Class org.gradle.internal.installation.CurrentGradleInstallationLocator               : loaded 2 times (x 71B)
Class com.google.common.collect.ImmutableList                                         : loaded 2 times (x 206B)
Class org.gradle.internal.service.DefaultServiceLocator                               : loaded 2 times (x 83B)
Class org.gradle.util.GradleVersion                                                   : loaded 2 times (x 81B)
Class org.gradle.internal.installation.CurrentGradleInstallation                      : loaded 2 times (x 73B)
Class org.gradle.util.internal.GUtil                                                  : loaded 2 times (x 71B)
Class com.google.common.collect.Iterators$MergingIterator                             : loaded 2 times (x 81B)
Class org.gradle.internal.installation.GradleInstallation                             : loaded 2 times (x 75B)

---------------  S Y S T E M  ---------------

OS:
 Windows 11 , 64 bit Build 26100 (10.0.26100.8521)
OS uptime: 0 days 0:55 hours

CPU: total 12 (initial active 12) (12 cores per cpu, 2 threads per core) family 23 model 8 stepping 2 microcode 0x800820d, cx8, cmov, fxsr, ht, mmx, 3dnowpref, sse, sse2, sse3, ssse3, sse4a, sse4.1, sse4.2, popcnt, lzcnt, tsc, tscinvbit, avx, avx2, aes, clmul, bmi1, bmi2, adx, sha, fma, vzeroupper, clflush, clflushopt, rdtscp, f16c
Processor Information for the first 12 processors :
  Max Mhz: 3600, Current Mhz: 3600, Mhz Limit: 3600

Memory: 4k page, system-wide physical 16313M (6349M free)
TotalPageFile size 16513M (AvailPageFile size 4893M)
current process WorkingSet (physical memory assigned to process): 287M, peak: 290M
current process commit charge ("private bytes"): 328M, peak: 410M

vm_info: OpenJDK 64-Bit Server VM (21.0.10+-14961533-b1163.108) for windows-amd64 JRE (21.0.10+-14961533-b1163.108), built on 2026-03-02T19:58:50Z by "builder" with MS VC++ 16.10 / 16.11 (VS2019)

END.
